#
# There is insufficient memory for the Java Runtime Environment to continue.
# Native memory allocation (malloc) failed to allocate 1055312 bytes. Error detail: Chunk::new
# Possible reasons:
#   The system is out of physical RAM or swap space
#   This process is running with CompressedOops enabled, and the Java Heap may be blocking the growth of the native heap
# Possible solutions:
#   Reduce memory load on the system
#   Increase physical memory or swap space
#   Check if swap backing store is full
#   Decrease Java heap size (-Xmx/-Xms)
#   Decrease number of Java threads
#   Decrease Java thread stack sizes (-Xss)
#   Set larger code cache with -XX:ReservedCodeCacheSize=
#   JVM is running with Zero Based Compressed Oops mode in which the Java heap is
#     placed in the first 32GB address space. The Java Heap base address is the
#     maximum limit for the native heap growth. Please use -XX:HeapBaseMinAddress
#     to set the Java Heap base and to place the Java Heap above 32GB virtual address.
# This output file may be truncated or incomplete.
#
#  Out of Memory Error (arena.cpp:168), pid=7668, tid=12004
#
# JRE version: OpenJDK Runtime Environment Temurin-21.0.11+10 (21.0.11+10) (build 21.0.11+10-LTS)
# Java VM: OpenJDK 64-Bit Server VM Temurin-21.0.11+10 (21.0.11+10-LTS, mixed mode, sharing, tiered, compressed oops, compressed class ptrs, g1 gc, windows-amd64)
# No core dump will be written. Minidumps are not enabled by default on client versions of Windows
#

---------------  S U M M A R Y ------------

Command Line: --add-opens=java.base/java.lang=ALL-UNNAMED --add-opens=java.base/java.lang.invoke=ALL-UNNAMED --add-opens=java.base/java.util=ALL-UNNAMED --add-opens=java.prefs/java.util.prefs=ALL-UNNAMED --add-exports=jdk.compiler/com.sun.tools.javac.api=ALL-UNNAMED --add-exports=jdk.compiler/com.sun.tools.javac.util=ALL-UNNAMED --add-opens=java.base/java.util=ALL-UNNAMED --add-opens=java.prefs/java.util.prefs=ALL-UNNAMED --add-opens=java.base/java.nio.charset=ALL-UNNAMED --add-opens=java.base/java.net=ALL-UNNAMED --add-opens=java.base/java.util.concurrent.atomic=ALL-UNNAMED --add-opens=java.xml/javax.xml.namespace=ALL-UNNAMED -XX:MaxMetaspaceSize=1G -XX:ReservedCodeCacheSize=512m -XX:+HeapDumpOnOutOfMemoryError -Xmx3G -Dfile.encoding=UTF-8 -Duser.country=IN -Duser.language=en -Duser.variant -javaagent:C:\Users\prana\.gradle\wrapper\dists\gradle-8.14-all\c2qonpi39x1mddn7hk5gh9iqj\gradle-8.14\lib\agents\gradle-instrumentation-agent-8.14.jar org.gradle.launcher.daemon.bootstrap.GradleDaemon 8.14

Host: 11th Gen Intel(R) Core(TM) i3-1115G4 @ 3.00GHz, 4 cores, 7G,  Windows 11 , 64 bit Build 26100 (10.0.26100.8875)
Time: Mon Jul 20 14:55:32 2026 India Standard Time elapsed time: 173.625880 seconds (0d 0h 2m 53s)

---------------  T H R E A D  ---------------

Current thread (0x000002cb3e2203b0):  JavaThread "C2 CompilerThread0" daemon [_thread_in_native, id=12004, stack(0x000000f057100000,0x000000f057200000) (1024K)]


Current CompileTask:
C2:173626 10486   !   4       com.google.common.cache.LocalCache$Segment::lockedGetOrLoad (447 bytes)

Stack: [0x000000f057100000,0x000000f057200000]
Native frames: (J=compiled Java code, j=interpreted, Vv=VM code, C=native code)
V  [jvm.dll+0x6d7e19]
V  [jvm.dll+0x8b5096]
V  [jvm.dll+0x8b764e]
V  [jvm.dll+0x8b7d33]
V  [jvm.dll+0x284596]
V  [jvm.dll+0xc685d]
V  [jvm.dll+0xc6da1]
V  [jvm.dll+0x3bed6b]
V  [jvm.dll+0x38b2b2]
V  [jvm.dll+0x38a6fa]
V  [jvm.dll+0x24c700]
V  [jvm.dll+0x24bce0]
V  [jvm.dll+0x1cb4ae]
V  [jvm.dll+0x25baad]
V  [jvm.dll+0x25a03a]
V  [jvm.dll+0x3f868e]
V  [jvm.dll+0x85fb0d]
V  [jvm.dll+0x6d664d]
C  [ucrtbase.dll+0x2cd30]
C  [KERNEL32.DLL+0x2e957]
C  [ntdll.dll+0xaad6c]


---------------  P R O C E S S  ---------------

Threads class SMR info:
_java_thread_list=0x000002cb79f1c460, length=47, elements={
0x000002cb14d60b90, 0x000002cb3e21a230, 0x000002cb3e21ac90, 0x000002cb3e21b6f0,
0x000002cb3e21e160, 0x000002cb3e21ebc0, 0x000002cb3e21f620, 0x000002cb3e2203b0,
0x000002cb3e2217a0, 0x000002cb3e51b670, 0x000002cb3e4896e0, 0x000002cb78db4840,
0x000002cb783a8880, 0x000002cb78df8f40, 0x000002cb783a3250, 0x000002cb783a38c0,
0x000002cb782742f0, 0x000002cb3e5e81f0, 0x000002cb783c8710, 0x000002cb783ca150,
0x000002cb783c6cd0, 0x000002cb783c79f0, 0x000002cb783c9ac0, 0x000002cb783c8080,
0x000002cb783c9430, 0x000002cb7a0adc10, 0x000002cb7a0ab4b0, 0x000002cb7a0abb40,
0x000002cb7a0aefc0, 0x000002cb7a0ac1d0, 0x000002cb7a0af650, 0x000002cb7a0afce0,
0x000002cb7a0b0370, 0x000002cb7a0b0a00, 0x000002cb7a0b1090, 0x000002cb7a0ae930,
0x000002cb7a0a0060, 0x000002cb7a09f340, 0x000002cb7a09df90, 0x000002cb79567560,
0x000002cb79568280, 0x000002cb79566ed0, 0x000002cb79567bf0, 0x000002cb79568910,
0x000002cb79565b20, 0x000002cb7a0a1aa0, 0x000002cb7a09cbe0
}

Java Threads: ( => current thread )
  0x000002cb14d60b90 JavaThread "main"                              [_thread_blocked, id=18900, stack(0x000000f056300000,0x000000f056400000) (1024K)]
  0x000002cb3e21a230 JavaThread "Reference Handler"          daemon [_thread_blocked, id=23016, stack(0x000000f056b00000,0x000000f056c00000) (1024K)]
  0x000002cb3e21ac90 JavaThread "Finalizer"                  daemon [_thread_blocked, id=24988, stack(0x000000f056c00000,0x000000f056d00000) (1024K)]
  0x000002cb3e21b6f0 JavaThread "Signal Dispatcher"          daemon [_thread_blocked, id=8164, stack(0x000000f056d00000,0x000000f056e00000) (1024K)]
  0x000002cb3e21e160 JavaThread "Attach Listener"            daemon [_thread_blocked, id=19448, stack(0x000000f056e00000,0x000000f056f00000) (1024K)]
  0x000002cb3e21ebc0 JavaThread "Service Thread"             daemon [_thread_blocked, id=3196, stack(0x000000f056f00000,0x000000f057000000) (1024K)]
  0x000002cb3e21f620 JavaThread "Monitor Deflation Thread"   daemon [_thread_blocked, id=13108, stack(0x000000f057000000,0x000000f057100000) (1024K)]
=>0x000002cb3e2203b0 JavaThread "C2 CompilerThread0"         daemon [_thread_in_native, id=12004, stack(0x000000f057100000,0x000000f057200000) (1024K)]
  0x000002cb3e2217a0 JavaThread "C1 CompilerThread0"         daemon [_thread_blocked, id=11320, stack(0x000000f057200000,0x000000f057300000) (1024K)]
  0x000002cb3e51b670 JavaThread "Common-Cleaner"             daemon [_thread_blocked, id=19528, stack(0x000000f057300000,0x000000f057400000) (1024K)]
  0x000002cb3e4896e0 JavaThread "Notification Thread"        daemon [_thread_blocked, id=21124, stack(0x000000f057400000,0x000000f057500000) (1024K)]
  0x000002cb78db4840 JavaThread "Daemon health stats"               [_thread_blocked, id=24208, stack(0x000000f057800000,0x000000f057900000) (1024K)]
  0x000002cb783a8880 JavaThread "Incoming local TCP Connector on port 60242"        [_thread_in_native, id=15780, stack(0x000000f057900000,0x000000f057a00000) (1024K)]
  0x000002cb78df8f40 JavaThread "Daemon periodic checks"            [_thread_blocked, id=22716, stack(0x000000f057a00000,0x000000f057b00000) (1024K)]
  0x000002cb783a3250 JavaThread "Daemon"                            [_thread_blocked, id=15516, stack(0x000000f057b00000,0x000000f057c00000) (1024K)]
  0x000002cb783a38c0 JavaThread "Handler for socket connection from /127.0.0.1:60242 to /127.0.0.1:60243"        [_thread_in_native, id=19524, stack(0x000000f057c00000,0x000000f057d00000) (1024K)]
  0x000002cb782742f0 JavaThread "Cancel handler"                    [_thread_blocked, id=19020, stack(0x000000f057d00000,0x000000f057e00000) (1024K)]
  0x000002cb3e5e81f0 JavaThread "Daemon worker"                     [_thread_in_Java, id=25156, stack(0x000000f057e00000,0x000000f057f00000) (1024K)]
  0x000002cb783c8710 JavaThread "Asynchronous log dispatcher for DefaultDaemonConnection: socket connection from /127.0.0.1:60242 to /127.0.0.1:60243"        [_thread_blocked, id=23668, stack(0x000000f057f00000,0x000000f058000000) (1024K)]
  0x000002cb783ca150 JavaThread "Stdin handler"                     [_thread_blocked, id=17876, stack(0x000000f058000000,0x000000f058100000) (1024K)]
  0x000002cb783c6cd0 JavaThread "Daemon client event forwarder"        [_thread_blocked, id=2044, stack(0x000000f058100000,0x000000f058200000) (1024K)]
  0x000002cb783c79f0 JavaThread "Cache worker for journal cache (C:\Users\prana\.gradle\caches\journal-1)"        [_thread_blocked, id=9108, stack(0x000000f058200000,0x000000f058300000) (1024K)]
  0x000002cb783c9ac0 JavaThread "File lock request listener"        [_thread_in_native, id=24220, stack(0x000000f058300000,0x000000f058400000) (1024K)]
  0x000002cb783c8080 JavaThread "Cache worker for file hash cache (C:\Users\prana\.gradle\caches\8.14\fileHashes)"        [_thread_blocked, id=24944, stack(0x000000f058400000,0x000000f058500000) (1024K)]
  0x000002cb783c9430 JavaThread "Cache worker for file hash cache (C:\Users\prana\projects\Major project\MobileApp\android\.gradle\8.14\fileHashes)"        [_thread_blocked, id=9788, stack(0x000000f058500000,0x000000f058600000) (1024K)]
  0x000002cb7a0adc10 JavaThread "Cache worker for Build Output Cleanup Cache (C:\Users\prana\projects\Major project\MobileApp\android\.gradle\buildOutputCleanup)"        [_thread_blocked, id=20976, stack(0x000000f058600000,0x000000f058700000) (1024K)]
  0x000002cb7a0ab4b0 JavaThread "File watcher server"        daemon [_thread_in_native, id=2260, stack(0x000000f058700000,0x000000f058800000) (1024K)]
  0x000002cb7a0abb40 JavaThread "File watcher consumer"      daemon [_thread_blocked, id=9272, stack(0x000000f058800000,0x000000f058900000) (1024K)]
  0x000002cb7a0aefc0 JavaThread "Cache worker for checksums cache (C:\Users\prana\projects\Major project\MobileApp\android\.gradle\8.14\checksums)"        [_thread_blocked, id=23604, stack(0x000000f058a00000,0x000000f058b00000) (1024K)]
  0x000002cb7a0ac1d0 JavaThread "Cache worker for file content cache (C:\Users\prana\.gradle\caches\8.14\fileContent)"        [_thread_blocked, id=18728, stack(0x000000f058b00000,0x000000f058c00000) (1024K)]
  0x000002cb7a0af650 JavaThread "Cache worker for cache directory md-supplier (C:\Users\prana\.gradle\caches\8.14\md-supplier)"        [_thread_blocked, id=15072, stack(0x000000f058900000,0x000000f058a00000) (1024K)]
  0x000002cb7a0afce0 JavaThread "Cache worker for cache directory md-rule (C:\Users\prana\.gradle\caches\8.14\md-rule)"        [_thread_blocked, id=16928, stack(0x000000f058c00000,0x000000f058d00000) (1024K)]
  0x000002cb7a0b0370 JavaThread "Cache worker for Build Output Cleanup Cache (C:\src\flutter\packages\flutter_tools\gradle\.gradle\buildOutputCleanup)"        [_thread_blocked, id=1344, stack(0x000000f056000000,0x000000f056100000) (1024K)]
  0x000002cb7a0b0a00 JavaThread "Unconstrained build operations"        [_thread_blocked, id=13344, stack(0x000000f058d00000,0x000000f058e00000) (1024K)]
  0x000002cb7a0b1090 JavaThread "Unconstrained build operations Thread 2"        [_thread_blocked, id=23092, stack(0x000000f058e00000,0x000000f058f00000) (1024K)]
  0x000002cb7a0ae930 JavaThread "Unconstrained build operations Thread 3"        [_thread_blocked, id=23944, stack(0x000000f058f00000,0x000000f059000000) (1024K)]
  0x000002cb7a0a0060 JavaThread "Memory manager"                    [_thread_blocked, id=4728, stack(0x000000f056100000,0x000000f056200000) (1024K)]
  0x000002cb7a09f340 JavaThread "File lock release action executor"        [_thread_blocked, id=24560, stack(0x000000f056200000,0x000000f056300000) (1024K)]
  0x000002cb7a09df90 JavaThread "build event listener"              [_thread_blocked, id=18340, stack(0x000000f059000000,0x000000f059100000) (1024K)]
  0x000002cb79567560 JavaThread "Cache worker for execution history cache (C:\src\flutter\packages\flutter_tools\gradle\.gradle\8.14\executionHistory)"        [_thread_blocked, id=18756, stack(0x000000f059500000,0x000000f059600000) (1024K)]
  0x000002cb79568280 JavaThread "Unconstrained build operations Thread 4"        [_thread_blocked, id=4524, stack(0x000000f059300000,0x000000f059400000) (1024K)]
  0x000002cb79566ed0 JavaThread "Unconstrained build operations Thread 5"        [_thread_blocked, id=6888, stack(0x000000f059600000,0x000000f059700000) (1024K)]
  0x000002cb79567bf0 JavaThread "Unconstrained build operations Thread 6"        [_thread_blocked, id=17164, stack(0x000000f059700000,0x000000f059800000) (1024K)]
  0x000002cb79568910 JavaThread "Unconstrained build operations Thread 7"        [_thread_blocked, id=8352, stack(0x000000f059800000,0x000000f059900000) (1024K)]
  0x000002cb79565b20 JavaThread "Unconstrained build operations Thread 8"        [_thread_blocked, id=19096, stack(0x000000f059900000,0x000000f059a00000) (1024K)]
  0x000002cb7a0a1aa0 JavaThread "Unconstrained build operations Thread 9"        [_thread_blocked, id=5660, stack(0x000000f059a00000,0x000000f059b00000) (1024K)]
  0x000002cb7a09cbe0 JavaThread "Unconstrained build operations Thread 10"        [_thread_blocked, id=20368, stack(0x000000f059d00000,0x000000f059e00000) (1024K)]
Total: 47

Other Threads:
  0x000002cb3e1f3760 VMThread "VM Thread"                           [id=17896, stack(0x000000f056a00000,0x000000f056b00000) (1024K)]
  0x000002cb3e1e3700 WatcherThread "VM Periodic Task Thread"        [id=12944, stack(0x000000f056900000,0x000000f056a00000) (1024K)]
  0x000002cb14db4cd0 WorkerThread "GC Thread#0"                     [id=4016, stack(0x000000f056400000,0x000000f056500000) (1024K)]
  0x000002cb3e56b6b0 WorkerThread "GC Thread#1"                     [id=24128, stack(0x000000f057500000,0x000000f057600000) (1024K)]
  0x000002cb3e576dd0 WorkerThread "GC Thread#2"                     [id=13556, stack(0x000000f057600000,0x000000f057700000) (1024K)]
  0x000002cb3e9f8700 WorkerThread "GC Thread#3"                     [id=20384, stack(0x000000f057700000,0x000000f057800000) (1024K)]
  0x000002cb14dc1cc0 ConcurrentGCThread "G1 Main Marker"            [id=12504, stack(0x000000f056500000,0x000000f056600000) (1024K)]
  0x000002cb14dc2fe0 WorkerThread "G1 Conc#0"                       [id=16496, stack(0x000000f056600000,0x000000f056700000) (1024K)]
  0x000002cb14e1dcd0 ConcurrentGCThread "G1 Refine#0"               [id=22620, stack(0x000000f056700000,0x000000f056800000) (1024K)]
  0x000002cb14e1e850 ConcurrentGCThread "G1 Service"                [id=22396, stack(0x000000f056800000,0x000000f056900000) (1024K)]
Total: 10

Threads with active compile tasks:
C2 CompilerThread0  173688 10486   !   4       com.google.common.cache.LocalCache$Segment::lockedGetOrLoad (447 bytes)
Total: 1

VM state: not at safepoint (normal execution)

VM Mutex/Monitor currently owned by a thread: None

Heap address: 0x0000000740000000, size: 3072 MB, Compressed Oops mode: Zero based, Oop shift amount: 3

CDS archive(s) mapped at: [0x000002cb3f000000-0x000002cb3fba0000-0x000002cb3fba0000), size 12189696, SharedBaseAddress: 0x000002cb3f000000, ArchiveRelocationMode: 1.
Compressed class space mapped at: 0x000002cb40000000-0x000002cb74000000, reserved size: 872415232
Narrow klass base: 0x000002cb3f000000, Narrow klass shift: 0, Narrow klass range: 0x100000000

GC Precious Log:
 CardTable entry size: 512
 Card Set container configuration: InlinePtr #cards 4 size 8 Array Of Cards #cards 16 size 48 Howl #buckets 8 coarsen threshold 3686 Howl Bitmap #cards 512 size 80 coarsen threshold 460 Card regions per heap region 1 cards per card region 4096
 CPUs: 4 total, 4 available
 Memory: 7930M
 Large Page Support: Disabled
 NUMA Support: Disabled
 Compressed Oops: Enabled (Zero based)
 Heap Region Size: 2M
 Heap Min Capacity: 8M
 Heap Initial Capacity: 124M
 Heap Max Capacity: 3G
 Pre-touch: Disabled
 Parallel Workers: 4
 Concurrent Workers: 1
 Concurrent Refinement Workers: 4
 Periodic GC: Disabled

Heap:
 garbage-first heap   total 137216K, used 87495K [0x0000000740000000, 0x0000000800000000)
  region size 2048K, 7 young (14336K), 3 survivors (6144K)
 Metaspace       used 72403K, committed 74496K, reserved 917504K
  class space    used 10614K, committed 11648K, reserved 851968K

Heap Regions: E=young(eden), S=young(survivor), O=old, HS=humongous(starts), HC=humongous(continues), CS=collection set, F=free, TAMS=top-at-mark-start, PB=parsable bottom
|   0|0x0000000740000000, 0x0000000740200000, 0x0000000740200000|100%|HS|  |TAMS 0x0000000740000000| PB 0x0000000740000000| Complete 
|   1|0x0000000740200000, 0x0000000740400000, 0x0000000740400000|100%|HC|  |TAMS 0x0000000740200000| PB 0x0000000740200000| Complete 
|   2|0x0000000740400000, 0x0000000740600000, 0x0000000740600000|100%| O|  |TAMS 0x0000000740400000| PB 0x0000000740400000| Untracked 
|   3|0x0000000740600000, 0x0000000740800000, 0x0000000740800000|100%| O|  |TAMS 0x0000000740600000| PB 0x0000000740600000| Untracked 
|   4|0x0000000740800000, 0x0000000740a00000, 0x0000000740a00000|100%| O|  |TAMS 0x0000000740800000| PB 0x0000000740800000| Untracked 
|   5|0x0000000740a00000, 0x0000000740c00000, 0x0000000740c00000|100%| O|  |TAMS 0x0000000740a00000| PB 0x0000000740a00000| Untracked 
|   6|0x0000000740c00000, 0x0000000740e00000, 0x0000000740e00000|100%| O|  |TAMS 0x0000000740c00000| PB 0x0000000740c00000| Untracked 
|   7|0x0000000740e00000, 0x0000000741000000, 0x0000000741000000|100%| O|  |TAMS 0x0000000740e00000| PB 0x0000000740e00000| Untracked 
|   8|0x0000000741000000, 0x0000000741200000, 0x0000000741200000|100%| O|  |TAMS 0x0000000741000000| PB 0x0000000741000000| Untracked 
|   9|0x0000000741200000, 0x0000000741400000, 0x0000000741400000|100%| O|  |TAMS 0x0000000741200000| PB 0x0000000741200000| Untracked 
|  10|0x0000000741400000, 0x0000000741600000, 0x0000000741600000|100%| O|  |TAMS 0x0000000741400000| PB 0x0000000741400000| Untracked 
|  11|0x0000000741600000, 0x0000000741800000, 0x0000000741800000|100%| O|  |TAMS 0x0000000741600000| PB 0x0000000741600000| Untracked 
|  12|0x0000000741800000, 0x0000000741a00000, 0x0000000741a00000|100%| O|  |TAMS 0x0000000741800000| PB 0x0000000741800000| Untracked 
|  13|0x0000000741a00000, 0x0000000741c00000, 0x0000000741c00000|100%| O|  |TAMS 0x0000000741a00000| PB 0x0000000741a00000| Untracked 
|  14|0x0000000741c00000, 0x0000000741e00000, 0x0000000741e00000|100%| O|  |TAMS 0x0000000741c00000| PB 0x0000000741c00000| Untracked 
|  15|0x0000000741e00000, 0x0000000742000000, 0x0000000742000000|100%| O|  |TAMS 0x0000000741e00000| PB 0x0000000741e00000| Untracked 
|  16|0x0000000742000000, 0x0000000742200000, 0x0000000742200000|100%| O|  |TAMS 0x0000000742000000| PB 0x0000000742000000| Untracked 
|  17|0x0000000742200000, 0x0000000742200000, 0x0000000742400000|  0%| F|  |TAMS 0x0000000742200000| PB 0x0000000742200000| Untracked 
|  18|0x0000000742400000, 0x0000000742600000, 0x0000000742600000|100%| O|  |TAMS 0x0000000742400000| PB 0x0000000742400000| Untracked 
|  19|0x0000000742600000, 0x0000000742800000, 0x0000000742800000|100%| O|  |TAMS 0x0000000742600000| PB 0x0000000742600000| Untracked 
|  20|0x0000000742800000, 0x0000000742a00000, 0x0000000742a00000|100%| O|  |TAMS 0x0000000742800000| PB 0x0000000742800000| Untracked 
|  21|0x0000000742a00000, 0x0000000742c00000, 0x0000000742c00000|100%| O|  |TAMS 0x0000000742a00000| PB 0x0000000742a00000| Untracked 
|  22|0x0000000742c00000, 0x0000000742e00000, 0x0000000742e00000|100%| O|  |TAMS 0x0000000742c00000| PB 0x0000000742c00000| Untracked 
|  23|0x0000000742e00000, 0x0000000743000000, 0x0000000743000000|100%|HS|  |TAMS 0x0000000742e00000| PB 0x0000000742e00000| Complete 
|  24|0x0000000743000000, 0x0000000743200000, 0x0000000743200000|100%|HS|  |TAMS 0x0000000743000000| PB 0x0000000743000000| Complete 
|  25|0x0000000743200000, 0x0000000743400000, 0x0000000743400000|100%|HS|  |TAMS 0x0000000743200000| PB 0x0000000743200000| Complete 
|  26|0x0000000743400000, 0x0000000743600000, 0x0000000743600000|100%|HC|  |TAMS 0x0000000743400000| PB 0x0000000743400000| Complete 
|  27|0x0000000743600000, 0x0000000743800000, 0x0000000743800000|100%| O|  |TAMS 0x0000000743600000| PB 0x0000000743600000| Untracked 
|  28|0x0000000743800000, 0x0000000743a00000, 0x0000000743a00000|100%| O|  |TAMS 0x0000000743800000| PB 0x0000000743800000| Untracked 
|  29|0x0000000743a00000, 0x0000000743c00000, 0x0000000743c00000|100%| O|  |TAMS 0x0000000743a00000| PB 0x0000000743a00000| Untracked 
|  30|0x0000000743c00000, 0x0000000743e00000, 0x0000000743e00000|100%|HS|  |TAMS 0x0000000743c00000| PB 0x0000000743c00000| Complete 
|  31|0x0000000743e00000, 0x0000000744000000, 0x0000000744000000|100%|HC|  |TAMS 0x0000000743e00000| PB 0x0000000743e00000| Complete 
|  32|0x0000000744000000, 0x0000000744200000, 0x0000000744200000|100%| O|  |TAMS 0x0000000744000000| PB 0x0000000744000000| Untracked 
|  33|0x0000000744200000, 0x0000000744400000, 0x0000000744400000|100%| O|  |TAMS 0x0000000744200000| PB 0x0000000744200000| Untracked 
|  34|0x0000000744400000, 0x0000000744600000, 0x0000000744600000|100%| O|  |TAMS 0x0000000744400000| PB 0x0000000744400000| Untracked 
|  35|0x0000000744600000, 0x0000000744600000, 0x0000000744800000|  0%| F|  |TAMS 0x0000000744600000| PB 0x0000000744600000| Untracked 
|  36|0x0000000744800000, 0x0000000744a00000, 0x0000000744a00000|100%| O|  |TAMS 0x0000000744800000| PB 0x0000000744800000| Untracked 
|  37|0x0000000744a00000, 0x0000000744c00000, 0x0000000744c00000|100%| O|  |TAMS 0x0000000744a00000| PB 0x0000000744a00000| Untracked 
|  38|0x0000000744c00000, 0x0000000744e00000, 0x0000000744e00000|100%| O|  |TAMS 0x0000000744c00000| PB 0x0000000744c00000| Untracked 
|  39|0x0000000744e00000, 0x0000000744ee8620, 0x0000000745000000| 45%| O|  |TAMS 0x0000000744e00000| PB 0x0000000744e00000| Untracked 
|  40|0x0000000745000000, 0x0000000745000000, 0x0000000745200000|  0%| F|  |TAMS 0x0000000745000000| PB 0x0000000745000000| Untracked 
|  41|0x0000000745200000, 0x0000000745200000, 0x0000000745400000|  0%| F|  |TAMS 0x0000000745200000| PB 0x0000000745200000| Untracked 
|  42|0x0000000745400000, 0x0000000745489988, 0x0000000745600000| 26%| S|CS|TAMS 0x0000000745400000| PB 0x0000000745400000| Complete 
|  43|0x0000000745600000, 0x0000000745800000, 0x0000000745800000|100%| S|CS|TAMS 0x0000000745600000| PB 0x0000000745600000| Complete 
|  44|0x0000000745800000, 0x0000000745a00000, 0x0000000745a00000|100%| S|CS|TAMS 0x0000000745800000| PB 0x0000000745800000| Complete 
|  45|0x0000000745a00000, 0x0000000745a00000, 0x0000000745c00000|  0%| F|  |TAMS 0x0000000745a00000| PB 0x0000000745a00000| Untracked 
|  46|0x0000000745c00000, 0x0000000745c00000, 0x0000000745e00000|  0%| F|  |TAMS 0x0000000745c00000| PB 0x0000000745c00000| Untracked 
|  47|0x0000000745e00000, 0x0000000745e00000, 0x0000000746000000|  0%| F|  |TAMS 0x0000000745e00000| PB 0x0000000745e00000| Untracked 
|  48|0x0000000746000000, 0x0000000746000000, 0x0000000746200000|  0%| F|  |TAMS 0x0000000746000000| PB 0x0000000746000000| Untracked 
|  49|0x0000000746200000, 0x0000000746200000, 0x0000000746400000|  0%| F|  |TAMS 0x0000000746200000| PB 0x0000000746200000| Untracked 
|  50|0x0000000746400000, 0x0000000746400000, 0x0000000746600000|  0%| F|  |TAMS 0x0000000746400000| PB 0x0000000746400000| Untracked 
|  51|0x0000000746600000, 0x0000000746600000, 0x0000000746800000|  0%| F|  |TAMS 0x0000000746600000| PB 0x0000000746600000| Untracked 
|  52|0x0000000746800000, 0x0000000746800000, 0x0000000746a00000|  0%| F|  |TAMS 0x0000000746800000| PB 0x0000000746800000| Untracked 
|  53|0x0000000746a00000, 0x0000000746a00000, 0x0000000746c00000|  0%| F|  |TAMS 0x0000000746a00000| PB 0x0000000746a00000| Untracked 
|  54|0x0000000746c00000, 0x0000000746c00000, 0x0000000746e00000|  0%| F|  |TAMS 0x0000000746c00000| PB 0x0000000746c00000| Untracked 
|  55|0x0000000746e00000, 0x0000000746e00000, 0x0000000747000000|  0%| F|  |TAMS 0x0000000746e00000| PB 0x0000000746e00000| Untracked 
|  56|0x0000000747000000, 0x0000000747000000, 0x0000000747200000|  0%| F|  |TAMS 0x0000000747000000| PB 0x0000000747000000| Untracked 
|  57|0x0000000747200000, 0x0000000747200000, 0x0000000747400000|  0%| F|  |TAMS 0x0000000747200000| PB 0x0000000747200000| Untracked 
|  58|0x0000000747400000, 0x0000000747400000, 0x0000000747600000|  0%| F|  |TAMS 0x0000000747400000| PB 0x0000000747400000| Untracked 
|  59|0x0000000747600000, 0x0000000747600000, 0x0000000747800000|  0%| F|  |TAMS 0x0000000747600000| PB 0x0000000747600000| Untracked 
|  60|0x0000000747800000, 0x0000000747800000, 0x0000000747a00000|  0%| F|  |TAMS 0x0000000747800000| PB 0x0000000747800000| Untracked 
|  61|0x0000000747a00000, 0x0000000747a00000, 0x0000000747c00000|  0%| F|  |TAMS 0x0000000747a00000| PB 0x0000000747a00000| Untracked 
|  62|0x0000000747c00000, 0x0000000747c00000, 0x0000000747e00000|  0%| F|  |TAMS 0x0000000747c00000| PB 0x0000000747c00000| Untracked 
|  63|0x0000000747e00000, 0x0000000747f86cb0, 0x0000000748000000| 76%| E|  |TAMS 0x0000000747e00000| PB 0x0000000747e00000| Complete 
|  64|0x0000000748000000, 0x0000000748200000, 0x0000000748200000|100%| E|CS|TAMS 0x0000000748000000| PB 0x0000000748000000| Complete 
|  65|0x0000000748200000, 0x0000000748400000, 0x0000000748400000|100%| E|CS|TAMS 0x0000000748200000| PB 0x0000000748200000| Complete 
|  66|0x0000000748400000, 0x0000000748600000, 0x0000000748600000|100%| E|CS|TAMS 0x0000000748400000| PB 0x0000000748400000| Complete 

Card table byte_map: [0x000002cb38670000,0x000002cb38c70000] _byte_map_base: 0x000002cb34c70000

Marking Bits: (CMBitMap*) 0x000002cb14db53e0
 Bits: [0x000002cb38c70000, 0x000002cb3bc70000)

Polling page: 0x000002cb12c20000

Metaspace:

Usage:
  Non-class:     60.34 MB used.
      Class:     10.37 MB used.
       Both:     70.71 MB used.

Virtual space:
  Non-class space:       64.00 MB reserved,      61.38 MB ( 96%) committed,  1 nodes.
      Class space:      832.00 MB reserved,      11.38 MB (  1%) committed,  1 nodes.
             Both:      896.00 MB reserved,      72.75 MB (  8%) committed. 

Chunk freelists:
   Non-Class:  2.28 MB
       Class:  4.64 MB
        Both:  6.92 MB

MaxMetaspaceSize: 1.00 GB
CompressedClassSpaceSize: 832.00 MB
Initial GC threshold: 21.00 MB
Current GC threshold: 121.25 MB
CDS: on
 - commit_granule_bytes: 65536.
 - commit_granule_words: 8192.
 - virtual_space_node_default_size: 8388608.
 - enlarge_chunks_in_place: 1.
 - use_allocation_guard: 0.


Internal statistics:

num_allocs_failed_limit: 6.
num_arena_births: 3800.
num_arena_deaths: 0.
num_vsnodes_births: 2.
num_vsnodes_deaths: 0.
num_space_committed: 1164.
num_space_uncommitted: 0.
num_chunks_returned_to_freelist: 6.
num_chunks_taken_from_freelist: 7342.
num_chunk_merges: 6.
num_chunk_splits: 4717.
num_chunks_enlarged: 2848.
num_inconsistent_stats: 0.

CodeHeap 'non-profiled nmethods': size=259264Kb used=5099Kb max_used=5099Kb free=254164Kb
 bounds [0x000002cb28230000, 0x000002cb28730000, 0x000002cb37f60000]
CodeHeap 'profiled nmethods': size=259264Kb used=16363Kb max_used=16922Kb free=242900Kb
 bounds [0x000002cb17f60000, 0x000002cb18ff0000, 0x000002cb27c90000]
CodeHeap 'non-nmethods': size=5760Kb used=2127Kb max_used=2169Kb free=3633Kb
 bounds [0x000002cb27c90000, 0x000002cb27f00000, 0x000002cb28230000]
CodeCache: size=524288Kb, used=23589Kb, max_used=24190Kb, free=500697Kb
 total_blobs=9724, nmethods=8927, adapters=701, full_count=0
Compilation: enabled, stopped_count=0, restarted_count=0

Compilation events (20 events):
Event: 166.440 Thread 0x000002cb3e2217a0 nmethod 10476 0x000002cb18254e90 code [0x000002cb18255040, 0x000002cb18255208]
Event: 166.474 Thread 0x000002cb3e2217a0 10477       3       java.util.stream.FindOps$FindSink$OfRef::get (5 bytes)
Event: 166.475 Thread 0x000002cb3e2217a0 nmethod 10477 0x000002cb18156190 code [0x000002cb18156380, 0x000002cb18156898]
Event: 167.385 Thread 0x000002cb3e2203b0 10478   !   4       sun.nio.fs.WindowsPath::getPathForWin32Calls (147 bytes)
Event: 167.388 Thread 0x000002cb3e2203b0 nmethod 10478 0x000002cb28729310 code [0x000002cb287294c0, 0x000002cb28729630]
Event: 167.416 Thread 0x000002cb3e2217a0 10479       1       org.gradle.internal.jvm.Jvm::getJavaHome (5 bytes)
Event: 167.417 Thread 0x000002cb3e2217a0 nmethod 10479 0x000002cb28729790 code [0x000002cb28729920, 0x000002cb287299f0]
Event: 167.438 Thread 0x000002cb3e2217a0 10480       3       org.gradle.internal.serialize.AbstractDecoder::readNullableString (14 bytes)
Event: 167.439 Thread 0x000002cb3e2217a0 nmethod 10480 0x000002cb1800de10 code [0x000002cb1800dfe0, 0x000002cb1800e2d8]
Event: 167.441 Thread 0x000002cb3e2217a0 10481       3       java.util.concurrent.ThreadPoolExecutor$Worker::unlock (7 bytes)
Event: 167.442 Thread 0x000002cb3e2217a0 nmethod 10481 0x000002cb18161710 code [0x000002cb181618e0, 0x000002cb18161b50]
Event: 168.522 Thread 0x000002cb3e2203b0 10482       4       java.nio.ByteBuffer::order (48 bytes)
Event: 168.523 Thread 0x000002cb3e2203b0 nmethod 10482 0x000002cb28729a90 code [0x000002cb28729c20, 0x000002cb28729cd8]
Event: 171.423 Thread 0x000002cb3e2203b0 10483       4       java.util.concurrent.locks.AbstractQueuedSynchronizer$ConditionObject::signal (34 bytes)
Event: 171.439 Thread 0x000002cb3e2203b0 nmethod 10483 0x000002cb28729d90 code [0x000002cb28729f60, 0x000002cb2872a648]
Event: 172.080 Thread 0x000002cb3e2203b0 10484       4       org.gradle.cache.internal.DefaultFileLockManager$DefaultFileLock::assertOpenAndIntegral (41 bytes)
Event: 172.083 Thread 0x000002cb3e2203b0 nmethod 10484 0x000002cb2872a890 code [0x000002cb2872aa20, 0x000002cb2872ab70]
Event: 173.364 Thread 0x000002cb3e2203b0 10485       4       com.google.common.cache.LocalCache$LoadingValueReference::get (10 bytes)
Event: 173.365 Thread 0x000002cb3e2203b0 nmethod 10485 0x000002cb2872ac90 code [0x000002cb2872ae20, 0x000002cb2872aee8]
Event: 173.447 Thread 0x000002cb3e2203b0 10486   !   4       com.google.common.cache.LocalCache$Segment::lockedGetOrLoad (447 bytes)

GC Heap History (20 events):
Event: 88.715 GC heap before
{Heap before GC invocations=22 (full 0):
 garbage-first heap   total 106496K, used 97454K [0x0000000740000000, 0x0000000800000000)
  region size 2048K, 18 young (36864K), 1 survivors (2048K)
 Metaspace       used 64647K, committed 66496K, reserved 917504K
  class space    used 9460K, committed 10368K, reserved 851968K
}
Event: 88.722 GC heap after
{Heap after GC invocations=23 (full 0):
 garbage-first heap   total 106496K, used 64424K [0x0000000740000000, 0x0000000800000000)
  region size 2048K, 2 young (4096K), 2 survivors (4096K)
 Metaspace       used 64647K, committed 66496K, reserved 917504K
  class space    used 9460K, committed 10368K, reserved 851968K
}
Event: 89.956 GC heap before
{Heap before GC invocations=23 (full 0):
 garbage-first heap   total 106496K, used 97192K [0x0000000740000000, 0x0000000800000000)
  region size 2048K, 18 young (36864K), 2 survivors (4096K)
 Metaspace       used 65810K, committed 67712K, reserved 917504K
  class space    used 9627K, committed 10560K, reserved 851968K
}
Event: 89.964 GC heap after
{Heap after GC invocations=24 (full 0):
 garbage-first heap   total 106496K, used 68258K [0x0000000740000000, 0x0000000800000000)
  region size 2048K, 3 young (6144K), 3 survivors (6144K)
 Metaspace       used 65810K, committed 67712K, reserved 917504K
  class space    used 9627K, committed 10560K, reserved 851968K
}
Event: 91.468 GC heap before
{Heap before GC invocations=25 (full 0):
 garbage-first heap   total 116736K, used 96930K [0x0000000740000000, 0x0000000800000000)
  region size 2048K, 17 young (34816K), 3 survivors (6144K)
 Metaspace       used 67841K, committed 69888K, reserved 917504K
  class space    used 9925K, committed 10944K, reserved 851968K
}
Event: 91.483 GC heap after
{Heap after GC invocations=26 (full 0):
 garbage-first heap   total 116736K, used 70152K [0x0000000740000000, 0x0000000800000000)
  region size 2048K, 1 young (2048K), 1 survivors (2048K)
 Metaspace       used 67841K, committed 69888K, reserved 917504K
  class space    used 9925K, committed 10944K, reserved 851968K
}
Event: 94.493 GC heap before
{Heap before GC invocations=26 (full 0):
 garbage-first heap   total 116736K, used 102920K [0x0000000740000000, 0x0000000800000000)
  region size 2048K, 18 young (36864K), 1 survivors (2048K)
 Metaspace       used 70880K, committed 72960K, reserved 917504K
  class space    used 10463K, committed 11520K, reserved 851968K
}
Event: 94.505 GC heap after
{Heap after GC invocations=27 (full 0):
 garbage-first heap   total 116736K, used 72334K [0x0000000740000000, 0x0000000800000000)
  region size 2048K, 3 young (6144K), 3 survivors (6144K)
 Metaspace       used 70880K, committed 72960K, reserved 917504K
  class space    used 10463K, committed 11520K, reserved 851968K
}
Event: 101.947 GC heap before
{Heap before GC invocations=27 (full 0):
 garbage-first heap   total 116736K, used 103054K [0x0000000740000000, 0x0000000800000000)
  region size 2048K, 19 young (38912K), 3 survivors (6144K)
 Metaspace       used 72014K, committed 74112K, reserved 917504K
  class space    used 10602K, committed 11648K, reserved 851968K
}
Event: 101.959 GC heap after
{Heap after GC invocations=28 (full 0):
 garbage-first heap   total 116736K, used 75899K [0x0000000740000000, 0x0000000800000000)
  region size 2048K, 2 young (4096K), 2 survivors (4096K)
 Metaspace       used 72014K, committed 74112K, reserved 917504K
  class space    used 10602K, committed 11648K, reserved 851968K
}
Event: 105.172 GC heap before
{Heap before GC invocations=29 (full 0):
 garbage-first heap   total 131072K, used 104571K [0x0000000740000000, 0x0000000800000000)
  region size 2048K, 16 young (32768K), 2 survivors (4096K)
 Metaspace       used 72255K, committed 74304K, reserved 917504K
  class space    used 10612K, committed 11648K, reserved 851968K
}
Event: 105.182 GC heap after
{Heap after GC invocations=30 (full 0):
 garbage-first heap   total 131072K, used 80058K [0x0000000740000000, 0x0000000800000000)
  region size 2048K, 2 young (4096K), 2 survivors (4096K)
 Metaspace       used 72255K, committed 74304K, reserved 917504K
  class space    used 10612K, committed 11648K, reserved 851968K
}
Event: 133.803 GC heap before
{Heap before GC invocations=30 (full 0):
 garbage-first heap   total 131072K, used 114874K [0x0000000740000000, 0x0000000800000000)
  region size 2048K, 19 young (38912K), 2 survivors (4096K)
 Metaspace       used 72377K, committed 74432K, reserved 917504K
  class space    used 10614K, committed 11648K, reserved 851968K
}
Event: 133.831 GC heap after
{Heap after GC invocations=31 (full 0):
 garbage-first heap   total 131072K, used 78964K [0x0000000740000000, 0x0000000800000000)
  region size 2048K, 2 young (4096K), 2 survivors (4096K)
 Metaspace       used 72377K, committed 74432K, reserved 917504K
  class space    used 10614K, committed 11648K, reserved 851968K
}
Event: 139.784 GC heap before
{Heap before GC invocations=31 (full 0):
 garbage-first heap   total 131072K, used 115828K [0x0000000740000000, 0x0000000800000000)
  region size 2048K, 20 young (40960K), 2 survivors (4096K)
 Metaspace       used 72388K, committed 74496K, reserved 917504K
  class space    used 10614K, committed 11648K, reserved 851968K
}
Event: 139.798 GC heap after
{Heap after GC invocations=32 (full 0):
 garbage-first heap   total 131072K, used 80492K [0x0000000740000000, 0x0000000800000000)
  region size 2048K, 2 young (4096K), 2 survivors (4096K)
 Metaspace       used 72388K, committed 74496K, reserved 917504K
  class space    used 10614K, committed 11648K, reserved 851968K
}
Event: 145.598 GC heap before
{Heap before GC invocations=33 (full 0):
 garbage-first heap   total 137216K, used 115308K [0x0000000740000000, 0x0000000800000000)
  region size 2048K, 19 young (38912K), 2 survivors (4096K)
 Metaspace       used 72394K, committed 74496K, reserved 917504K
  class space    used 10614K, committed 11648K, reserved 851968K
}
Event: 145.605 GC heap after
{Heap after GC invocations=34 (full 0):
 garbage-first heap   total 137216K, used 81395K [0x0000000740000000, 0x0000000800000000)
  region size 2048K, 2 young (4096K), 2 survivors (4096K)
 Metaspace       used 72394K, committed 74496K, reserved 917504K
  class space    used 10614K, committed 11648K, reserved 851968K
}
Event: 155.652 GC heap before
{Heap before GC invocations=34 (full 0):
 garbage-first heap   total 137216K, used 120307K [0x0000000740000000, 0x0000000800000000)
  region size 2048K, 22 young (45056K), 2 survivors (4096K)
 Metaspace       used 72399K, committed 74496K, reserved 917504K
  class space    used 10614K, committed 11648K, reserved 851968K
}
Event: 155.712 GC heap after
{Heap after GC invocations=35 (full 0):
 garbage-first heap   total 137216K, used 81351K [0x0000000740000000, 0x0000000800000000)
  region size 2048K, 3 young (6144K), 3 survivors (6144K)
 Metaspace       used 72399K, committed 74496K, reserved 917504K
  class space    used 10614K, committed 11648K, reserved 851968K
}

Dll operation events (14 events):
Event: 0.012 Loaded shared library C:\Users\prana\.antigravity-ide\extensions\redhat.java-1.55.0-win32-x64\jre\21.0.11-win32-x86_64\bin\java.dll
Event: 0.111 Loaded shared library C:\Users\prana\.antigravity-ide\extensions\redhat.java-1.55.0-win32-x64\jre\21.0.11-win32-x86_64\bin\zip.dll
Event: 0.136 Loaded shared library C:\Users\prana\.antigravity-ide\extensions\redhat.java-1.55.0-win32-x64\jre\21.0.11-win32-x86_64\bin\instrument.dll
Event: 0.142 Loaded shared library C:\Users\prana\.antigravity-ide\extensions\redhat.java-1.55.0-win32-x64\jre\21.0.11-win32-x86_64\bin\net.dll
Event: 0.145 Loaded shared library C:\Users\prana\.antigravity-ide\extensions\redhat.java-1.55.0-win32-x64\jre\21.0.11-win32-x86_64\bin\nio.dll
Event: 0.150 Loaded shared library C:\Users\prana\.antigravity-ide\extensions\redhat.java-1.55.0-win32-x64\jre\21.0.11-win32-x86_64\bin\zip.dll
Event: 0.873 Loaded shared library C:\Users\prana\.antigravity-ide\extensions\redhat.java-1.55.0-win32-x64\jre\21.0.11-win32-x86_64\bin\jimage.dll
Event: 1.986 Loaded shared library C:\Users\prana\.antigravity-ide\extensions\redhat.java-1.55.0-win32-x64\jre\21.0.11-win32-x86_64\bin\verify.dll
Event: 2.228 Loaded shared library C:\Users\prana\.gradle\native\1def1411415f61bf3af743bc5b6707747c0891f09f0c88961ee8f79bc544acac\windows-amd64\native-platform.dll
Event: 2.606 Loaded shared library C:\Users\prana\.gradle\native\0.2.7\x86_64-windows-gnu\gradle-fileevents.dll
Event: 5.256 Loaded shared library C:\Users\prana\.antigravity-ide\extensions\redhat.java-1.55.0-win32-x64\jre\21.0.11-win32-x86_64\bin\management.dll
Event: 5.266 Loaded shared library C:\Users\prana\.antigravity-ide\extensions\redhat.java-1.55.0-win32-x64\jre\21.0.11-win32-x86_64\bin\management_ext.dll
Event: 5.745 Loaded shared library C:\Users\prana\.antigravity-ide\extensions\redhat.java-1.55.0-win32-x64\jre\21.0.11-win32-x86_64\bin\extnet.dll
Event: 6.411 Loaded shared library C:\Users\prana\.antigravity-ide\extensions\redhat.java-1.55.0-win32-x64\jre\21.0.11-win32-x86_64\bin\sunmscapi.dll

Deoptimization events (20 events):
Event: 147.002 Thread 0x000002cb3e5e81f0 Uncommon trap: trap_request=0xffffffbe fr.pc=0x000002cb28623400 relative=0x00000000000010e0
Event: 147.002 Thread 0x000002cb3e5e81f0 Uncommon trap: reason=profile_predicate action=maybe_recompile pc=0x000002cb28623400 method=java.util.TimSort.reverseRange([Ljava/lang/Object;II)V @ 5 c2
Event: 147.002 Thread 0x000002cb3e5e81f0 DEOPT PACKING pc=0x000002cb28623400 sp=0x000000f057ef6a10
Event: 147.002 Thread 0x000002cb3e5e81f0 DEOPT UNPACKING pc=0x000002cb27ce7ba2 sp=0x000000f057ef68c0 mode 2
Event: 147.022 Thread 0x000002cb3e5e81f0 Uncommon trap: trap_request=0xffffffbe fr.pc=0x000002cb28623400 relative=0x00000000000010e0
Event: 147.022 Thread 0x000002cb3e5e81f0 Uncommon trap: reason=profile_predicate action=maybe_recompile pc=0x000002cb28623400 method=java.util.TimSort.reverseRange([Ljava/lang/Object;II)V @ 5 c2
Event: 147.022 Thread 0x000002cb3e5e81f0 DEOPT PACKING pc=0x000002cb28623400 sp=0x000000f057ef6a40
Event: 147.022 Thread 0x000002cb3e5e81f0 DEOPT UNPACKING pc=0x000002cb27ce7ba2 sp=0x000000f057ef68f0 mode 2
Event: 147.023 Thread 0x000002cb3e5e81f0 Uncommon trap: trap_request=0xffffffbe fr.pc=0x000002cb28623400 relative=0x00000000000010e0
Event: 147.023 Thread 0x000002cb3e5e81f0 Uncommon trap: reason=profile_predicate action=maybe_recompile pc=0x000002cb28623400 method=java.util.TimSort.reverseRange([Ljava/lang/Object;II)V @ 5 c2
Event: 147.023 Thread 0x000002cb3e5e81f0 DEOPT PACKING pc=0x000002cb28623400 sp=0x000000f057ef6a40
Event: 147.023 Thread 0x000002cb3e5e81f0 DEOPT UNPACKING pc=0x000002cb27ce7ba2 sp=0x000000f057ef68f0 mode 2
Event: 147.578 Thread 0x000002cb3e5e81f0 Uncommon trap: trap_request=0xffffffd6 fr.pc=0x000002cb287168f8 relative=0x00000000000012d8
Event: 147.578 Thread 0x000002cb3e5e81f0 Uncommon trap: reason=array_check action=maybe_recompile pc=0x000002cb287168f8 method=java.util.TimSort.reverseRange([Ljava/lang/Object;II)V @ 27 c2
Event: 147.578 Thread 0x000002cb3e5e81f0 DEOPT PACKING pc=0x000002cb287168f8 sp=0x000000f057ef6a40
Event: 147.578 Thread 0x000002cb3e5e81f0 DEOPT UNPACKING pc=0x000002cb27ce7ba2 sp=0x000000f057ef68e8 mode 2
Event: 147.595 Thread 0x000002cb3e5e81f0 Uncommon trap: trap_request=0xffffffd6 fr.pc=0x000002cb287168f8 relative=0x00000000000012d8
Event: 147.595 Thread 0x000002cb3e5e81f0 Uncommon trap: reason=array_check action=maybe_recompile pc=0x000002cb287168f8 method=java.util.TimSort.reverseRange([Ljava/lang/Object;II)V @ 27 c2
Event: 147.595 Thread 0x000002cb3e5e81f0 DEOPT PACKING pc=0x000002cb287168f8 sp=0x000000f057ef6a40
Event: 147.595 Thread 0x000002cb3e5e81f0 DEOPT UNPACKING pc=0x000002cb27ce7ba2 sp=0x000000f057ef68e8 mode 2

Classes loaded (20 events):
Event: 93.276 Loading class java/io/ObjectStreamClass$ExceptionInfo
Event: 93.276 Loading class java/io/ObjectStreamClass$ExceptionInfo done
Event: 93.303 Loading class java/util/HashMap$UnsafeHolder
Event: 93.306 Loading class java/util/HashMap$UnsafeHolder done
Event: 93.327 Loading class java/util/stream/ReferencePipeline$4
Event: 93.327 Loading class java/util/stream/IntPipeline$StatelessOp
Event: 93.330 Loading class java/util/stream/IntPipeline$StatelessOp done
Event: 93.330 Loading class java/util/stream/ReferencePipeline$4 done
Event: 93.330 Loading class java/util/stream/ReduceOps$6
Event: 93.330 Loading class java/util/stream/ReduceOps$6 done
Event: 93.330 Loading class java/util/stream/ReduceOps$5ReducingSink
Event: 93.330 Loading class java/util/stream/ReduceOps$5ReducingSink done
Event: 93.330 Loading class java/util/stream/ReferencePipeline$4$1
Event: 93.330 Loading class java/util/stream/ReferencePipeline$4$1 done
Event: 97.601 Loading class java/util/concurrent/ConcurrentLinkedQueue$Itr
Event: 97.602 Loading class java/util/concurrent/ConcurrentLinkedQueue$Itr done
Event: 100.142 Loading class java/util/Collections$ReverseComparator
Event: 100.142 Loading class java/util/Collections$ReverseComparator done
Event: 100.142 Loading class java/util/Collections$ReverseComparator2
Event: 100.142 Loading class java/util/Collections$ReverseComparator2 done

Classes unloaded (0 events):
No events

Classes redefined (0 events):
No events

Internal exceptions (20 events):
Event: 92.281 Thread 0x000002cb3e5e81f0 Exception <a 'java/lang/NoSuchMethodError'{0x0000000746355cc8}: 'java.lang.Object java.lang.invoke.Invokers$Holder.linkToTargetMethod(java.lang.Object, java.lang.Object, java.lang.Object, java.lang.Object, java.lang.Object, int, java.lang.Object)'> (0x0000000746355cc8) 
thrown [s\src\hotspot\share\interpreter\linkResolver.cpp, line 773]
Event: 92.769 Thread 0x000002cb79565490 Exception <a 'java/lang/NoSuchMethodError'{0x0000000745d4fba0}: 'java.lang.Object java.lang.invoke.DirectMethodHandle$Holder.newInvokeSpecial(java.lang.Object, java.lang.Object, int, java.lang.Object, java.lang.Object)'> (0x0000000745d4fba0) 
thrown [s\src\hotspot\share\interpreter\linkResolver.cpp, line 773]
Event: 92.769 Thread 0x000002cb79565490 Exception <a 'java/lang/NoSuchMethodError'{0x0000000745d53f38}: 'java.lang.Object java.lang.invoke.DirectMethodHandle$Holder.invokeSpecial(java.lang.Object, java.lang.Object, java.lang.Object, int, java.lang.Object, java.lang.Object)'> (0x0000000745d53f38) 
thrown [s\src\hotspot\share\interpreter\linkResolver.cpp, line 773]
Event: 92.891 Thread 0x000002cb79565490 Exception <a 'java/lang/NoSuchMethodError'{0x0000000745ba8048}: 'java.lang.Object java.lang.invoke.DirectMethodHandle$Holder.invokeVirtual(java.lang.Object, java.lang.Object, java.lang.Object, java.lang.Object, java.lang.Object, java.lang.Object, java.lang.Object, java.lang.Object, java.lang.Object, java.lang.Object, java.lang.Object, java.lang.Object, java.lang.Object, java.lang.Object, java.lang.Object, java.lang.Object, java.lang.Object, java.lang.Object, java.lang.Object)'> (0x0000000745ba8048) 
thrown
Event: 93.074 Thread 0x000002cb79565490 Exception <a 'java/lang/NoSuchMethodError'{0x000000074592dc58}: 'void java.lang.invoke.DirectMethodHandle$Holder.invokeSpecial(java.lang.Object, java.lang.Object, java.lang.Object, java.lang.Object, int, java.lang.Object, java.lang.Object)'> (0x000000074592dc58) 
thrown [s\src\hotspot\share\interpreter\linkResolver.cpp, line 773]
Event: 93.238 Thread 0x000002cb7a09df90 Exception <a 'java/lang/NoSuchMethodError'{0x00000007456814e0}: static Ljava/lang/Object;.<clinit>()V> (0x00000007456814e0) 
thrown [s\src\hotspot\share\prims\jni.cpp, line 1111]
Event: 93.257 Thread 0x000002cb7a09df90 Exception <a 'java/lang/NoSuchMethodError'{0x00000007456a1f90}: static Lorg/jetbrains/kotlin/gradle/plugin/statistics/MetricContainer;.<clinit>()V> (0x00000007456a1f90) 
thrown [s\src\hotspot\share\prims\jni.cpp, line 1111]
Event: 93.557 Thread 0x000002cb79565490 Exception <a 'java/lang/NoSuchMethodError'{0x0000000745285c10}: 'int java.lang.invoke.DirectMethodHandle$Holder.invokeSpecial(java.lang.Object, java.lang.Object, java.lang.Object, java.lang.Object, java.lang.Object)'> (0x0000000745285c10) 
thrown [s\src\hotspot\share\interpreter\linkResolver.cpp, line 773]
Event: 93.968 Thread 0x000002cb79565490 Exception <a 'java/lang/IncompatibleClassChangeError'{0x00000007451f8d88}: Found class java.lang.Object, but interface was expected> (0x00000007451f8d88) 
thrown [s\src\hotspot\share\interpreter\linkResolver.cpp, line 840]
Event: 95.746 Thread 0x000002cb79565490 Exception <a 'java/lang/NoSuchMethodError'{0x0000000746cab2a8}: static Ljava/lang/Object;.<clinit>()V> (0x0000000746cab2a8) 
thrown [s\src\hotspot\share\prims\jni.cpp, line 1111]
Event: 97.475 Thread 0x000002cb79565490 Exception <a 'java/lang/NoSuchMethodError'{0x00000007461fdf00}: 'int java.lang.invoke.DirectMethodHandle$Holder.invokeStaticInit(java.lang.Object, java.lang.Object, java.lang.Object, java.lang.Object, java.lang.Object)'> (0x00000007461fdf00) 
thrown [s\src\hotspot\share\interpreter\linkResolver.cpp, line 773]
Event: 97.524 Thread 0x000002cb79565490 Exception <a 'sun/nio/fs/WindowsException'{0x0000000745fa00e0}> (0x0000000745fa00e0) 
thrown [s\src\hotspot\share\prims\jni.cpp, line 520]
Event: 97.525 Thread 0x000002cb79565490 Exception <a 'sun/nio/fs/WindowsException'{0x0000000745fa2650}> (0x0000000745fa2650) 
thrown [s\src\hotspot\share\prims\jni.cpp, line 520]
Event: 97.525 Thread 0x000002cb79565490 Exception <a 'sun/nio/fs/WindowsException'{0x0000000745fa4948}> (0x0000000745fa4948) 
thrown [s\src\hotspot\share\prims\jni.cpp, line 520]
Event: 97.526 Thread 0x000002cb79565490 Exception <a 'sun/nio/fs/WindowsException'{0x0000000745fa6948}> (0x0000000745fa6948) 
thrown [s\src\hotspot\share\prims\jni.cpp, line 520]
Event: 97.532 Thread 0x000002cb79565490 Exception <a 'sun/nio/fs/WindowsException'{0x0000000745fe4ac8}> (0x0000000745fe4ac8) 
thrown [s\src\hotspot\share\prims\jni.cpp, line 520]
Event: 97.533 Thread 0x000002cb79565490 Exception <a 'sun/nio/fs/WindowsException'{0x0000000745fe6d28}> (0x0000000745fe6d28) 
thrown [s\src\hotspot\share\prims\jni.cpp, line 520]
Event: 97.533 Thread 0x000002cb79565490 Exception <a 'sun/nio/fs/WindowsException'{0x0000000745fe8be0}> (0x0000000745fe8be0) 
thrown [s\src\hotspot\share\prims\jni.cpp, line 520]
Event: 109.719 Thread 0x000002cb3e5e81f0 Implicit null exception at 0x000002cb286dda6a to 0x000002cb286ddb1c
Event: 140.214 Thread 0x000002cb3e5e81f0 Implicit null exception at 0x000002cb28656b80 to 0x000002cb286573e8

ZGC Phase Switch (0 events):
No events

VM Operations (20 events):
Event: 145.598 Executing safepoint VM operation: G1CollectForAllocation (G1 Evacuation Pause)
Event: 145.605 Executing safepoint VM operation: G1CollectForAllocation (G1 Evacuation Pause) done
Event: 146.606 Executing safepoint VM operation: Cleanup
Event: 146.606 Executing safepoint VM operation: Cleanup done
Event: 147.621 Executing safepoint VM operation: Cleanup
Event: 147.621 Executing safepoint VM operation: Cleanup done
Event: 148.623 Executing safepoint VM operation: Cleanup
Event: 148.623 Executing safepoint VM operation: Cleanup done
Event: 149.628 Executing safepoint VM operation: Cleanup
Event: 149.628 Executing safepoint VM operation: Cleanup done
Event: 152.659 Executing safepoint VM operation: Cleanup
Event: 152.660 Executing safepoint VM operation: Cleanup done
Event: 153.661 Executing safepoint VM operation: Cleanup
Event: 153.661 Executing safepoint VM operation: Cleanup done
Event: 155.652 Executing safepoint VM operation: G1CollectForAllocation (G1 Evacuation Pause)
Event: 155.712 Executing safepoint VM operation: G1CollectForAllocation (G1 Evacuation Pause) done
Event: 158.756 Executing safepoint VM operation: Cleanup
Event: 158.756 Executing safepoint VM operation: Cleanup done
Event: 167.816 Executing safepoint VM operation: Cleanup
Event: 167.816 Executing safepoint VM operation: Cleanup done

Memory protections (0 events):
No events

Nmethod flushes (20 events):
Event: 140.074 Thread 0x000002cb3e1f3760 flushing  nmethod 0x000002cb18863010
Event: 140.074 Thread 0x000002cb3e1f3760 flushing  nmethod 0x000002cb1886a190
Event: 140.074 Thread 0x000002cb3e1f3760 flushing  nmethod 0x000002cb1886a810
Event: 140.074 Thread 0x000002cb3e1f3760 flushing  nmethod 0x000002cb188a3f90
Event: 140.074 Thread 0x000002cb3e1f3760 flushing  nmethod 0x000002cb18926990
Event: 140.074 Thread 0x000002cb3e1f3760 flushing  nmethod 0x000002cb18943c90
Event: 140.074 Thread 0x000002cb3e1f3760 flushing  nmethod 0x000002cb18945510
Event: 140.074 Thread 0x000002cb3e1f3760 flushing  nmethod 0x000002cb18948190
Event: 140.074 Thread 0x000002cb3e1f3760 flushing  nmethod 0x000002cb1894e090
Event: 140.074 Thread 0x000002cb3e1f3760 flushing  nmethod 0x000002cb1894f010
Event: 140.074 Thread 0x000002cb3e1f3760 flushing  nmethod 0x000002cb18981110
Event: 140.074 Thread 0x000002cb3e1f3760 flushing  nmethod 0x000002cb189b8610
Event: 140.074 Thread 0x000002cb3e1f3760 flushing  nmethod 0x000002cb189e9710
Event: 140.074 Thread 0x000002cb3e1f3760 flushing  nmethod 0x000002cb18a2c190
Event: 140.074 Thread 0x000002cb3e1f3760 flushing  nmethod 0x000002cb18b61110
Event: 140.074 Thread 0x000002cb3e1f3760 flushing  nmethod 0x000002cb18bb7590
Event: 140.074 Thread 0x000002cb3e1f3760 flushing  nmethod 0x000002cb18c3e610
Event: 140.074 Thread 0x000002cb3e1f3760 flushing  nmethod 0x000002cb18c61990
Event: 140.074 Thread 0x000002cb3e1f3760 flushing  nmethod 0x000002cb18c93090
Event: 140.074 Thread 0x000002cb3e1f3760 flushing  nmethod 0x000002cb18d52c90

Events (20 events):
Event: 43.797 Thread 0x000002cb3e5e81f0 Thread added: 0x000002cb7a0ae930
Event: 62.311 Thread 0x000002cb3e5e81f0 Thread added: 0x000002cb7a0a0060
Event: 63.651 Thread 0x000002cb783c9ac0 Thread added: 0x000002cb7a09f340
Event: 80.243 Thread 0x000002cb3e2217a0 Thread added: 0x000002cb78e76810
Event: 80.531 Thread 0x000002cb78e76810 Thread exited: 0x000002cb78e76810
Event: 82.127 Thread 0x000002cb3e5e81f0 Thread added: 0x000002cb7a09df90
Event: 89.875 Thread 0x000002cb3e2217a0 Thread added: 0x000002cb79d916d0
Event: 90.227 Thread 0x000002cb79d916d0 Thread exited: 0x000002cb79d916d0
Event: 92.200 Thread 0x000002cb3e2203b0 Thread added: 0x000002cb7ba88730
Event: 92.758 Thread 0x000002cb3e5e81f0 Thread added: 0x000002cb79565490
Event: 92.847 Thread 0x000002cb79565490 Thread added: 0x000002cb79567560
Event: 92.875 Thread 0x000002cb7ba88730 Thread exited: 0x000002cb7ba88730
Event: 94.808 Thread 0x000002cb79565490 Thread added: 0x000002cb79568280
Event: 95.143 Thread 0x000002cb79565490 Thread added: 0x000002cb79566ed0
Event: 95.845 Thread 0x000002cb79565490 Thread added: 0x000002cb79567bf0
Event: 97.427 Thread 0x000002cb79565490 Thread added: 0x000002cb79568910
Event: 101.900 Thread 0x000002cb3e5e81f0 Thread added: 0x000002cb79565b20
Event: 102.282 Thread 0x000002cb3e5e81f0 Thread added: 0x000002cb7a0a1aa0
Event: 122.916 Thread 0x000002cb3e5e81f0 Thread added: 0x000002cb7a09cbe0
Event: 158.217 Thread 0x000002cb79565490 Thread exited: 0x000002cb79565490


Dynamic libraries:
0x00007ff626190000 - 0x00007ff62619e000 	C:\Users\prana\.antigravity-ide\extensions\redhat.java-1.55.0-win32-x64\jre\21.0.11-win32-x86_64\bin\java.exe
0x00007fff28400000 - 0x00007fff28666000 	C:\WINDOWS\SYSTEM32\ntdll.dll
0x00007fff278d0000 - 0x00007fff27999000 	C:\WINDOWS\System32\KERNEL32.DLL
0x00007fff259b0000 - 0x00007fff25dae000 	C:\WINDOWS\System32\KERNELBASE.dll
0x00007fff257a0000 - 0x00007fff258ec000 	C:\WINDOWS\System32\ucrtbase.dll
0x00007fff05d40000 - 0x00007fff05d58000 	C:\Users\prana\.antigravity-ide\extensions\redhat.java-1.55.0-win32-x64\jre\21.0.11-win32-x86_64\bin\jli.dll
0x00007fff27e80000 - 0x00007fff28047000 	C:\WINDOWS\System32\USER32.dll
0x00007fff26070000 - 0x00007fff26097000 	C:\WINDOWS\System32\win32u.dll
0x00007fff26c90000 - 0x00007fff26cbb000 	C:\WINDOWS\System32\GDI32.dll
0x00007fff05d20000 - 0x00007fff05d3e000 	C:\Users\prana\.antigravity-ide\extensions\redhat.java-1.55.0-win32-x64\jre\21.0.11-win32-x86_64\bin\VCRUNTIME140.dll
0x00007fff25dc0000 - 0x00007fff25eea000 	C:\WINDOWS\System32\gdi32full.dll
0x00007fff25900000 - 0x00007fff259a3000 	C:\WINDOWS\System32\msvcp_win.dll
0x00007fff08ab0000 - 0x00007fff08d42000 	C:\WINDOWS\WinSxS\amd64_microsoft.windows.common-controls_6595b64144ccf1df_6.0.26100.8875_none_3e0d5d42e32fe9dd\COMCTL32.dll
0x00007fff26dd0000 - 0x00007fff26e79000 	C:\WINDOWS\System32\msvcrt.dll
0x00007fff27e40000 - 0x00007fff27e72000 	C:\WINDOWS\System32\IMM32.DLL
0x00007fff136a0000 - 0x00007fff136ac000 	C:\Users\prana\.antigravity-ide\extensions\redhat.java-1.55.0-win32-x64\jre\21.0.11-win32-x86_64\bin\vcruntime140_1.dll
0x00007fff002e0000 - 0x00007fff0036d000 	C:\Users\prana\.antigravity-ide\extensions\redhat.java-1.55.0-win32-x64\jre\21.0.11-win32-x86_64\bin\msvcp140.dll
0x00007ffea8a80000 - 0x00007ffea9822000 	C:\Users\prana\.antigravity-ide\extensions\redhat.java-1.55.0-win32-x64\jre\21.0.11-win32-x86_64\bin\server\jvm.dll
0x00007fff269f0000 - 0x00007fff26aa7000 	C:\WINDOWS\System32\ADVAPI32.dll
0x00007fff26cc0000 - 0x00007fff26d6a000 	C:\WINDOWS\System32\sechost.dll
0x00007fff27cd0000 - 0x00007fff27de8000 	C:\WINDOWS\System32\RPCRT4.dll
0x00007fff27b40000 - 0x00007fff27bc0000 	C:\WINDOWS\System32\WS2_32.dll
0x00007fff254a0000 - 0x00007fff254fe000 	C:\WINDOWS\SYSTEM32\POWRPROF.dll
0x00007fff1adb0000 - 0x00007fff1ade6000 	C:\WINDOWS\SYSTEM32\WINMM.dll
0x00007fff13180000 - 0x00007fff1318b000 	C:\WINDOWS\SYSTEM32\VERSION.dll
0x00007fff25480000 - 0x00007fff25494000 	C:\WINDOWS\SYSTEM32\UMPDC.dll
0x00007fff242c0000 - 0x00007fff242db000 	C:\WINDOWS\SYSTEM32\kernel.appcore.dll
0x00007fff08d80000 - 0x00007fff08d8a000 	C:\Users\prana\.antigravity-ide\extensions\redhat.java-1.55.0-win32-x64\jre\21.0.11-win32-x86_64\bin\jimage.dll
0x00007fff22d30000 - 0x00007fff22f72000 	C:\WINDOWS\SYSTEM32\DBGHELP.DLL
0x00007fff26130000 - 0x00007fff264b3000 	C:\WINDOWS\System32\combase.dll
0x00007fff27630000 - 0x00007fff27709000 	C:\WINDOWS\System32\OLEAUT32.dll
0x00007fff07430000 - 0x00007fff0746b000 	C:\WINDOWS\SYSTEM32\dbgcore.DLL
0x00007fff25620000 - 0x00007fff256cc000 	C:\WINDOWS\System32\bcryptPrimitives.dll
0x00007fff08390000 - 0x00007fff0839f000 	C:\Users\prana\.antigravity-ide\extensions\redhat.java-1.55.0-win32-x64\jre\21.0.11-win32-x86_64\bin\instrument.dll
0x00007fff05760000 - 0x00007fff05780000 	C:\Users\prana\.antigravity-ide\extensions\redhat.java-1.55.0-win32-x64\jre\21.0.11-win32-x86_64\bin\java.dll
0x00007fff26e90000 - 0x00007fff27622000 	C:\WINDOWS\System32\SHELL32.dll
0x00007fff23080000 - 0x00007fff23912000 	C:\WINDOWS\SYSTEM32\windows.storage.dll
0x00007fff27710000 - 0x00007fff27807000 	C:\WINDOWS\System32\SHCORE.dll
0x00007fff281e0000 - 0x00007fff28247000 	C:\WINDOWS\System32\shlwapi.dll
0x00007fff25540000 - 0x00007fff25569000 	C:\WINDOWS\SYSTEM32\profapi.dll
0x00007fff036f0000 - 0x00007fff03708000 	C:\Users\prana\.antigravity-ide\extensions\redhat.java-1.55.0-win32-x64\jre\21.0.11-win32-x86_64\bin\zip.dll
0x00007fff06310000 - 0x00007fff06320000 	C:\Users\prana\.antigravity-ide\extensions\redhat.java-1.55.0-win32-x64\jre\21.0.11-win32-x86_64\bin\net.dll
0x00007fff1aad0000 - 0x00007fff1abf7000 	C:\WINDOWS\SYSTEM32\WINHTTP.dll
0x00007fff24850000 - 0x00007fff248bc000 	C:\WINDOWS\system32\mswsock.dll
0x00007fff05080000 - 0x00007fff05096000 	C:\Users\prana\.antigravity-ide\extensions\redhat.java-1.55.0-win32-x64\jre\21.0.11-win32-x86_64\bin\nio.dll
0x00007fff05750000 - 0x00007fff05760000 	C:\Users\prana\.antigravity-ide\extensions\redhat.java-1.55.0-win32-x64\jre\21.0.11-win32-x86_64\bin\verify.dll
0x00007fff029c0000 - 0x00007fff029e7000 	C:\Users\prana\.gradle\native\1def1411415f61bf3af743bc5b6707747c0891f09f0c88961ee8f79bc544acac\windows-amd64\native-platform.dll
0x00007ffef81a0000 - 0x00007ffef8218000 	C:\Users\prana\.gradle\native\0.2.7\x86_64-windows-gnu\gradle-fileevents.dll
0x00007fff1d670000 - 0x00007fff1d67a000 	C:\Users\prana\.antigravity-ide\extensions\redhat.java-1.55.0-win32-x64\jre\21.0.11-win32-x86_64\bin\management.dll
0x00007fff14510000 - 0x00007fff1451c000 	C:\Users\prana\.antigravity-ide\extensions\redhat.java-1.55.0-win32-x64\jre\21.0.11-win32-x86_64\bin\management_ext.dll
0x00007fff26e80000 - 0x00007fff26e88000 	C:\WINDOWS\System32\PSAPI.DLL
0x00007fff23c70000 - 0x00007fff23ca3000 	C:\WINDOWS\SYSTEM32\IPHLPAPI.DLL
0x00007fff26540000 - 0x00007fff2654a000 	C:\WINDOWS\System32\NSI.dll
0x00007fff056d0000 - 0x00007fff056d9000 	C:\Users\prana\.antigravity-ide\extensions\redhat.java-1.55.0-win32-x64\jre\21.0.11-win32-x86_64\bin\extnet.dll
0x00007fff24c80000 - 0x00007fff24c9b000 	C:\WINDOWS\SYSTEM32\CRYPTSP.dll
0x00007fff24220000 - 0x00007fff24259000 	C:\WINDOWS\system32\rsaenh.dll
0x00007fff24910000 - 0x00007fff24942000 	C:\WINDOWS\SYSTEM32\USERENV.dll
0x00007fff25510000 - 0x00007fff2553a000 	C:\WINDOWS\SYSTEM32\bcrypt.dll
0x00007fff24ac0000 - 0x00007fff24acc000 	C:\WINDOWS\SYSTEM32\CRYPTBASE.dll
0x00007fff0e3e0000 - 0x00007fff0e3ee000 	C:\Users\prana\.antigravity-ide\extensions\redhat.java-1.55.0-win32-x64\jre\21.0.11-win32-x86_64\bin\sunmscapi.dll
0x00007fff25ef0000 - 0x00007fff26068000 	C:\WINDOWS\System32\CRYPT32.dll
0x00007fff24df0000 - 0x00007fff24e20000 	C:\WINDOWS\SYSTEM32\ncrypt.dll
0x00007fff24da0000 - 0x00007fff24ddf000 	C:\WINDOWS\SYSTEM32\NTASN1.dll
0x00007ffee6030000 - 0x00007ffee6038000 	C:\WINDOWS\system32\wshunix.dll
0x00007ffef4cd0000 - 0x00007ffef4ce8000 	C:\WINDOWS\system32\napinsp.dll
0x00007ffef4cb0000 - 0x00007ffef4cc6000 	C:\WINDOWS\system32\wshbth.dll
0x00007ffef4c50000 - 0x00007ffef4c72000 	C:\WINDOWS\system32\nlansp_c.dll
0x00007fff23d00000 - 0x00007fff23e56000 	C:\WINDOWS\SYSTEM32\DNSAPI.dll
0x00007fff24650000 - 0x00007fff2465d000 	C:\WINDOWS\SYSTEM32\DSPARSE.dll
0x00007ffef4b00000 - 0x00007ffef4b13000 	C:\WINDOWS\System32\winrnr.dll
0x00007fff12b20000 - 0x00007fff12b2b000 	C:\Windows\System32\rasadhlp.dll
0x00007fff1c430000 - 0x00007fff1c4b6000 	C:\WINDOWS\System32\fwpuclnt.dll

JVMTI agents:
C:\Users\prana\.gradle\wrapper\dists\gradle-8.14-all\c2qonpi39x1mddn7hk5gh9iqj\gradle-8.14\lib\agents\gradle-instrumentation-agent-8.14.jar path:C:\Users\prana\.antigravity-ide\extensions\redhat.java-1.55.0-win32-x64\jre\21.0.11-win32-x86_64\bin\instrument.dll, loaded, initialized, instrumentlib options:none

dbghelp: loaded successfully - version: 4.0.5 - missing functions: none
symbol engine: initialized successfully - sym options: 0x614 - pdb path: .;C:\Users\prana\.antigravity-ide\extensions\redhat.java-1.55.0-win32-x64\jre\21.0.11-win32-x86_64\bin;C:\WINDOWS\SYSTEM32;C:\WINDOWS\WinSxS\amd64_microsoft.windows.common-controls_6595b64144ccf1df_6.0.26100.8875_none_3e0d5d42e32fe9dd;C:\Users\prana\.antigravity-ide\extensions\redhat.java-1.55.0-win32-x64\jre\21.0.11-win32-x86_64\bin\server;C:\Users\prana\.gradle\native\1def1411415f61bf3af743bc5b6707747c0891f09f0c88961ee8f79bc544acac\windows-amd64;C:\Users\prana\.gradle\native\0.2.7\x86_64-windows-gnu

VM Arguments:
jvm_args: --add-opens=java.base/java.lang=ALL-UNNAMED --add-opens=java.base/java.lang.invoke=ALL-UNNAMED --add-opens=java.base/java.util=ALL-UNNAMED --add-opens=java.prefs/java.util.prefs=ALL-UNNAMED --add-exports=jdk.compiler/com.sun.tools.javac.api=ALL-UNNAMED --add-exports=jdk.compiler/com.sun.tools.javac.util=ALL-UNNAMED --add-opens=java.base/java.util=ALL-UNNAMED --add-opens=java.prefs/java.util.prefs=ALL-UNNAMED --add-opens=java.base/java.nio.charset=ALL-UNNAMED --add-opens=java.base/java.net=ALL-UNNAMED --add-opens=java.base/java.util.concurrent.atomic=ALL-UNNAMED --add-opens=java.xml/javax.xml.namespace=ALL-UNNAMED -XX:MaxMetaspaceSize=1G -XX:ReservedCodeCacheSize=512m -XX:+HeapDumpOnOutOfMemoryError -Xmx3G -Dfile.encoding=UTF-8 -Duser.country=IN -Duser.language=en -Duser.variant -javaagent:C:\Users\prana\.gradle\wrapper\dists\gradle-8.14-all\c2qonpi39x1mddn7hk5gh9iqj\gradle-8.14\lib\agents\gradle-instrumentation-agent-8.14.jar 
java_command: org.gradle.launcher.daemon.bootstrap.GradleDaemon 8.14
java_class_path (initial): C:\Users\prana\.gradle\wrapper\dists\gradle-8.14-all\c2qonpi39x1mddn7hk5gh9iqj\gradle-8.14\lib\gradle-daemon-main-8.14.jar
Launcher Type: SUN_STANDARD

[Global flags]
     intx CICompilerCount                          = 3                                         {product} {ergonomic}
   size_t CompressedClassSpaceSize                 = 872415232                                 {product} {ergonomic}
     uint ConcGCThreads                            = 1                                         {product} {ergonomic}
     uint G1ConcRefinementThreads                  = 4                                         {product} {ergonomic}
   size_t G1HeapRegionSize                         = 2097152                                   {product} {ergonomic}
    uintx GCDrainStackTargetSize                   = 64                                        {product} {ergonomic}
     bool HeapDumpOnOutOfMemoryError               = true                                   {manageable} {command line}
   size_t InitialHeapSize                          = 130023424                                 {product} {ergonomic}
   size_t MarkStackSize                            = 4194304                                   {product} {ergonomic}
   size_t MaxHeapSize                              = 3221225472                                {product} {command line}
   size_t MaxMetaspaceSize                         = 1073741824                                {product} {command line}
   size_t MaxNewSize                               = 1931476992                                {product} {ergonomic}
   size_t MinHeapDeltaBytes                        = 2097152                                   {product} {ergonomic}
   size_t MinHeapSize                              = 8388608                                   {product} {ergonomic}
    uintx NonNMethodCodeHeapSize                   = 5832780                                {pd product} {ergonomic}
    uintx NonProfiledCodeHeapSize                  = 265519066                              {pd product} {ergonomic}
    uintx ProfiledCodeHeapSize                     = 265519066                              {pd product} {ergonomic}
    uintx ReservedCodeCacheSize                    = 536870912                              {pd product} {command line}
     bool SegmentedCodeCache                       = true                                      {product} {ergonomic}
   size_t SoftMaxHeapSize                          = 3221225472                             {manageable} {ergonomic}
     bool UseCompressedOops                        = true                           {product lp64_product} {ergonomic}
     bool UseG1GC                                  = true                                      {product} {ergonomic}
     bool UseLargePagesIndividualAllocation        = false                                  {pd product} {ergonomic}

Logging:
Log output configuration:
 #0: stdout all=warning uptime,level,tags foldmultilines=false
 #1: stderr all=off uptime,level,tags foldmultilines=false

Release file:
JAVA_VERSION="21.0.11" 
MODULES="java.base java.compiler java.datatransfer java.xml java.prefs java.desktop java.instrument java.logging java.management java.security.sasl java.naming java.rmi java.management.rmi java.net.http java.scripting java.security.jgss java.transaction.xa java.sql java.sql.rowset java.xml.crypto java.se java.smartcardio jdk.accessibility jdk.internal.jvmstat jdk.attach jdk.charsets jdk.internal.opt jdk.zipfs jdk.compiler jdk.crypto.ec jdk.crypto.cryptoki jdk.crypto.mscapi jdk.dynalink jdk.internal.ed jdk.editpad jdk.hotspot.agent jdk.httpserver jdk.internal.le jdk.internal.vm.ci jdk.internal.vm.compiler jdk.internal.vm.compiler.management jdk.jartool jdk.javadoc jdk.jcmd jdk.management jdk.management.agent jdk.jconsole jdk.jdeps jdk.jdwp.agent jdk.jdi jdk.jfr jdk.jshell jdk.jsobject jdk.jstatd jdk.localedata jdk.management.jfr jdk.naming.dns jdk.naming.rmi jdk.net jdk.nio.mapmode jdk.random jdk.sctp jdk.security.auth jdk.security.jgss jdk.unsupported jdk.unsupported.desktop jdk.xml.dom" 

Environment Variables:
PATH=C:\Program Files\Eclipse Adoptium\jdk-21.0.11.10-hotspot\bin;C:\Program Files\Common Files\Oracle\Java\javapath;C:\Program Files (x86)\Common Files\Oracle\Java\java8path;C:\Program Files (x86)\Common Files\Oracle\Java\javapath;C:\WINDOWS\system32;C:\WINDOWS;C:\WINDOWS\System32\Wbem;C:\WINDOWS\System32\WindowsPowerShell\v1.0\;C:\WINDOWS\System32\OpenSSH\;C:\Program Files\dotnet\;C:\Program Files\Git\cmd;C:\Program Files\nodejs\;C:\AndroidSDK\cmdline-tools\latest\bin;C:\Program Files\nodejs\node_modules\npm\bin;;C:\Program Files\Docker\Docker\resources\bin;C:\Users\prana\AppData\Local\Programs\Python\Python311\Scripts\;C:\Users\prana\AppData\Local\Programs\Python\Python311\;C:\Users\prana\AppData\Local\Programs\Python\Python314\Scripts\;C:\Users\prana\AppData\Local\Programs\Python\Python314\;C:\Users\prana\AppData\Local\Microsoft\WindowsApps;C:\Users\prana\AppData\Local\Programs\Microsoft VS Code\bin;C:\Users\prana\AppData\Local\Python\bin;C:\Users\prana\AppData\Roaming\npm;C:\Users\prana\go\bin;C:\src\flutter\bin;C:\Users\prana\AppData\Local\Prog;C:\Program Files\Go\bin;C:\Users\prana\AppData\Local\Programs\Python\Python311\Scripts\;C:\Users\prana\AppData\Local\Programs\Python\Python311\;C:\Users\prana\AppData\Local\Programs\Python\Python314\Scripts\;C:\Users\prana\AppData\Local\Programs\Python\Python314\;C:\Users\prana\AppData\Local\Microsoft\WindowsApps;C:\Users\prana\AppData\Local\Programs\Microsoft VS Code\bin;C:\Users\prana\AppData\Local\Python\bin;C:\Users\prana\AppData\Roaming\npm;C:\src\flutter\bin;C:\Program Files\nodejs;C:\Users\prana\AppData\Local\Programs\mongosh\;C:\Users\prana\AppData\Local\Pub\Cache\bin;C:\Users\prana\.dotnet\tools;C:\Program Files\dotnet;C:\Users\prana\go\bin;C:\Program Files\Go\bin;C:\Users\prana\AppData\Local\Programs\Antigravity IDE\bin
USERNAME=prana
OS=Windows_NT
PROCESSOR_IDENTIFIER=Intel64 Family 6 Model 140 Stepping 1, GenuineIntel
TMP=C:\Users\prana\AppData\Local\Temp
TEMP=C:\Users\prana\AppData\Local\Temp




Periodic native trim disabled

---------------  S Y S T E M  ---------------

OS:
 Windows 11 , 64 bit Build 26100 (10.0.26100.8875)
OS uptime: 0 days 3:28 hours
Hyper-V role detected

CPU: total 4 (initial active 4) (2 cores per cpu, 2 threads per core) family 6 model 140 stepping 1 microcode 0xbe, cx8, cmov, fxsr, ht, mmx, 3dnowpref, sse, sse2, sse3, ssse3, sse4.1, sse4.2, popcnt, lzcnt, tsc, tscinvbit, avx, avx2, aes, erms, clmul, bmi1, bmi2, adx, avx512f, avx512dq, avx512cd, avx512bw, avx512vl, sha, fma, vzeroupper, avx512_vpopcntdq, avx512_vpclmulqdq, avx512_vaes, avx512_vnni, clflush, clflushopt, clwb, avx512_vbmi2, avx512_vbmi, hv, rdtscp, rdpid, fsrm, gfni, avx512_bitalg, f16c, cet_ibt, cet_ss, avx512_ifma
Processor Information for the first 4 processors :
  Max Mhz: 2189, Current Mhz: 2189, Mhz Limit: 2189

Memory: 4k page, system-wide physical 7930M (164M free)
TotalPageFile size 25854M (AvailPageFile size 5M)
current process WorkingSet (physical memory assigned to process): 48M, peak: 269M
current process commit charge ("private bytes"): 369M, peak: 370M

vm_info: OpenJDK 64-Bit Server VM (21.0.11+10-LTS) for windows-amd64 JRE (21.0.11+10-LTS), built on 2026-04-21T00:00:00Z by "admin" with MS VC++ 17.12 (VS2022)

END.
