#
# There is insufficient memory for the Java Runtime Environment to continue.
# Native memory allocation (mmap) failed to map 38797312 bytes. Error detail: G1 virtual space
# Possible reasons:
#   The system is out of physical RAM or swap space
#   This process is running with CompressedOops enabled, and the Java Heap may be blocking the growth of the native heap
# Possible solutions:
#   Reduce memory load on the system
#   Increase physical memory or swap space
#   Check if swap backing store is full
#   Decrease Java heap size (-Xmx/-Xms)
#   Decrease number of Java threads
#   Decrease Java thread stack sizes (-Xss)
#   Set larger code cache with -XX:ReservedCodeCacheSize=
#   JVM is running with Unscaled Compressed Oops mode in which the Java heap is
#     placed in the first 4GB address space. The Java Heap base address is the
#     maximum limit for the native heap growth. Please use -XX:HeapBaseMinAddress
#     to set the Java Heap base and to place the Java Heap above 4GB virtual address.
# This output file may be truncated or incomplete.
#
#  Out of Memory Error (os_windows.cpp:3714), pid=6780, tid=24324
#
# JRE version: OpenJDK Runtime Environment Temurin-21.0.11+10 (21.0.11+10) (build 21.0.11+10-LTS)
# Java VM: OpenJDK 64-Bit Server VM Temurin-21.0.11+10 (21.0.11+10-LTS, mixed mode, sharing, tiered, compressed oops, compressed class ptrs, g1 gc, windows-amd64)
# No core dump will be written. Minidumps are not enabled by default on client versions of Windows
#

---------------  S U M M A R Y ------------

Command Line: --add-opens=java.base/java.lang=ALL-UNNAMED --add-opens=java.base/java.lang.invoke=ALL-UNNAMED --add-opens=java.base/java.util=ALL-UNNAMED --add-opens=java.prefs/java.util.prefs=ALL-UNNAMED --add-exports=jdk.compiler/com.sun.tools.javac.api=ALL-UNNAMED --add-exports=jdk.compiler/com.sun.tools.javac.util=ALL-UNNAMED --add-opens=java.base/java.util=ALL-UNNAMED --add-opens=java.prefs/java.util.prefs=ALL-UNNAMED --add-opens=java.base/java.nio.charset=ALL-UNNAMED --add-opens=java.base/java.net=ALL-UNNAMED --add-opens=java.base/java.util.concurrent.atomic=ALL-UNNAMED --add-opens=java.xml/javax.xml.namespace=ALL-UNNAMED -XX:MaxMetaspaceSize=512m -XX:ReservedCodeCacheSize=256m -XX:+HeapDumpOnOutOfMemoryError -Xmx2G -Dfile.encoding=UTF-8 -Duser.country=IN -Duser.language=en -Duser.variant -javaagent:C:\Users\prana\.gradle\wrapper\dists\gradle-8.14-all\c2qonpi39x1mddn7hk5gh9iqj\gradle-8.14\lib\agents\gradle-instrumentation-agent-8.14.jar org.gradle.launcher.daemon.bootstrap.GradleDaemon 8.14

Host: 11th Gen Intel(R) Core(TM) i3-1115G4 @ 3.00GHz, 4 cores, 7G,  Windows 11 , 64 bit Build 26100 (10.0.26100.8521)
Time: Sat Jul 18 15:32:43 2026 India Standard Time elapsed time: 130.285197 seconds (0d 0h 2m 10s)

---------------  T H R E A D  ---------------

Current thread (0x000001d1604f7a50):  VMThread "VM Thread"          [id=24324, stack(0x0000003143900000,0x0000003143a00000) (1024K)]

Stack: [0x0000003143900000,0x0000003143a00000]
Native frames: (J=compiled Java code, j=interpreted, Vv=VM code, C=native code)
V  [jvm.dll+0x6d7e19]
V  [jvm.dll+0x8b5096]
V  [jvm.dll+0x8b764e]
V  [jvm.dll+0x8b7d33]
V  [jvm.dll+0x284596]
V  [jvm.dll+0x6d4735]
V  [jvm.dll+0x6c845a]
V  [jvm.dll+0x35ef08]
V  [jvm.dll+0x366b46]
V  [jvm.dll+0x3b7c2e]
V  [jvm.dll+0x3b7ed8]
V  [jvm.dll+0x33310c]
V  [jvm.dll+0x335926]
V  [jvm.dll+0x33f91d]
V  [jvm.dll+0x374fdf]
V  [jvm.dll+0x8bda20]
V  [jvm.dll+0x8bed94]
V  [jvm.dll+0x8bf2c0]
V  [jvm.dll+0x8bf563]
V  [jvm.dll+0x85fb0d]
V  [jvm.dll+0x6d664d]
C  [ucrtbase.dll+0x2cd30]
C  [KERNEL32.DLL+0x2e957]
C  [ntdll.dll+0x87c1c]

VM_Operation (0x00000031434ff4f0): G1PauseRemark, mode: safepoint, requested by thread 0x000001d14318d690


---------------  P R O C E S S  ---------------

Threads class SMR info:
_java_thread_list=0x000001d1025f1a20, length=70, elements={
0x000001d143122cf0, 0x000001d16051a1c0, 0x000001d16051f960, 0x000001d1605216f0,
0x000001d160522150, 0x000001d160522bb0, 0x000001d160523610, 0x000001d1605267c0,
0x000001d1605348e0, 0x000001d1606c7060, 0x000001d1608c1e00, 0x000001d100a76aa0,
0x000001d101267e10, 0x000001d1008c76f0, 0x000001d100cc68a0, 0x000001d100cc72e0,
0x000001d10157d3a0, 0x000001d1012f8ad0, 0x000001d1012c08f0, 0x000001d1012c0260,
0x000001d1012c1610, 0x000001d1012bfbd0, 0x000001d1012c29c0, 0x000001d1012c2330,
0x000001d1012c1ca0, 0x000001d1012c3050, 0x000001d1036a2f40, 0x000001d1036a2220,
0x000001d1036a3c60, 0x000001d1036a0e70, 0x000001d1036a4980, 0x000001d1036a5010,
0x000001d1036a5d30, 0x000001d1036a42f0, 0x000001d1036a56a0, 0x000001d1036a7e00,
0x000001d1038a1440, 0x000001d1038a0db0, 0x000001d1038a1ad0, 0x000001d1038a4230,
0x000001d1038a3510, 0x000001d1038a48c0, 0x000001d1038a3ba0, 0x000001d1038a2160,
0x000001d103c8f620, 0x000001d103c8fcb0, 0x000001d103c916f0, 0x000001d103c90340,
0x000001d103c909d0, 0x000001d103c91d80, 0x000001d103c92410, 0x000001d103c8ef90,
0x000001d103c93130, 0x000001d103c937c0, 0x000001d103c95890, 0x000001d103c94b70,
0x000001d103c92aa0, 0x000001d103c93e50, 0x000001d103c944e0, 0x000001d103c95200,
0x000001d1038a7d40, 0x000001d1038a83d0, 0x000001d10249f7b0, 0x000001d10249fe40,
0x000001d1024a11f0, 0x000001d1024a1880, 0x000001d1024a04d0, 0x000001d10249f120,
0x000001d1024a0b60, 0x000001d1024a2c30
}

Java Threads: ( => current thread )
  0x000001d143122cf0 JavaThread "main"                              [_thread_blocked, id=15604, stack(0x0000003143200000,0x0000003143300000) (1024K)]
  0x000001d16051a1c0 JavaThread "Reference Handler"          daemon [_thread_blocked, id=8388, stack(0x0000003143a00000,0x0000003143b00000) (1024K)]
  0x000001d16051f960 JavaThread "Finalizer"                  daemon [_thread_blocked, id=15520, stack(0x0000003143b00000,0x0000003143c00000) (1024K)]
  0x000001d1605216f0 JavaThread "Signal Dispatcher"          daemon [_thread_blocked, id=16096, stack(0x0000003143c00000,0x0000003143d00000) (1024K)]
  0x000001d160522150 JavaThread "Attach Listener"            daemon [_thread_blocked, id=18972, stack(0x0000003143d00000,0x0000003143e00000) (1024K)]
  0x000001d160522bb0 JavaThread "Service Thread"             daemon [_thread_blocked, id=23460, stack(0x0000003143e00000,0x0000003143f00000) (1024K)]
  0x000001d160523610 JavaThread "Monitor Deflation Thread"   daemon [_thread_blocked, id=21112, stack(0x0000003143f00000,0x0000003144000000) (1024K)]
  0x000001d1605267c0 JavaThread "C2 CompilerThread0"         daemon [_thread_blocked, id=2708, stack(0x0000003144000000,0x0000003144100000) (1024K)]
  0x000001d1605348e0 JavaThread "C1 CompilerThread0"         daemon [_thread_blocked, id=11848, stack(0x0000003144100000,0x0000003144200000) (1024K)]
  0x000001d1606c7060 JavaThread "Common-Cleaner"             daemon [_thread_blocked, id=4088, stack(0x0000003144200000,0x0000003144300000) (1024K)]
  0x000001d1608c1e00 JavaThread "Notification Thread"        daemon [_thread_blocked, id=11952, stack(0x0000003144300000,0x0000003144400000) (1024K)]
  0x000001d100a76aa0 JavaThread "Daemon health stats"               [_thread_blocked, id=8972, stack(0x0000003144600000,0x0000003144700000) (1024K)]
  0x000001d101267e10 JavaThread "Incoming local TCP Connector on port 61737"        [_thread_in_native, id=22160, stack(0x0000003144800000,0x0000003144900000) (1024K)]
  0x000001d1008c76f0 JavaThread "Daemon periodic checks"            [_thread_blocked, id=20424, stack(0x0000003144900000,0x0000003144a00000) (1024K)]
  0x000001d100cc68a0 JavaThread "Daemon"                            [_thread_blocked, id=18228, stack(0x0000003144a00000,0x0000003144b00000) (1024K)]
  0x000001d100cc72e0 JavaThread "Handler for socket connection from /127.0.0.1:61737 to /127.0.0.1:61942"        [_thread_in_native, id=24232, stack(0x0000003144b00000,0x0000003144c00000) (1024K)]
  0x000001d10157d3a0 JavaThread "Cancel handler"                    [_thread_blocked, id=11788, stack(0x0000003144c00000,0x0000003144d00000) (1024K)]
  0x000001d1012f8ad0 JavaThread "Daemon worker"                     [_thread_blocked, id=21852, stack(0x0000003144d00000,0x0000003144e00000) (1024K)]
  0x000001d1012c08f0 JavaThread "Asynchronous log dispatcher for DefaultDaemonConnection: socket connection from /127.0.0.1:61737 to /127.0.0.1:61942"        [_thread_blocked, id=10976, stack(0x0000003144e00000,0x0000003144f00000) (1024K)]
  0x000001d1012c0260 JavaThread "Stdin handler"                     [_thread_blocked, id=17308, stack(0x0000003144f00000,0x0000003145000000) (1024K)]
  0x000001d1012c1610 JavaThread "Daemon client event forwarder"        [_thread_blocked, id=20696, stack(0x0000003145000000,0x0000003145100000) (1024K)]
  0x000001d1012bfbd0 JavaThread "Cache worker for journal cache (C:\Users\prana\.gradle\caches\journal-1)"        [_thread_blocked, id=14480, stack(0x0000003145100000,0x0000003145200000) (1024K)]
  0x000001d1012c29c0 JavaThread "File lock request listener"        [_thread_in_native, id=21836, stack(0x0000003145200000,0x0000003145300000) (1024K)]
  0x000001d1012c2330 JavaThread "Cache worker for file hash cache (C:\Users\prana\.gradle\caches\8.14\fileHashes)"        [_thread_blocked, id=19060, stack(0x0000003145300000,0x0000003145400000) (1024K)]
  0x000001d1012c1ca0 JavaThread "Cache worker for file hash cache (C:\Users\prana\projects\Major project\MobileApp\android\.gradle\8.14\fileHashes)"        [_thread_blocked, id=22336, stack(0x0000003145400000,0x0000003145500000) (1024K)]
  0x000001d1012c3050 JavaThread "Cache worker for Build Output Cleanup Cache (C:\Users\prana\projects\Major project\MobileApp\android\.gradle\buildOutputCleanup)"        [_thread_blocked, id=21608, stack(0x0000003145500000,0x0000003145600000) (1024K)]
  0x000001d1036a2f40 JavaThread "File watcher server"        daemon [_thread_in_native, id=19776, stack(0x0000003145600000,0x0000003145700000) (1024K)]
  0x000001d1036a2220 JavaThread "File watcher consumer"      daemon [_thread_blocked, id=12476, stack(0x0000003145700000,0x0000003145800000) (1024K)]
  0x000001d1036a3c60 JavaThread "Cache worker for checksums cache (C:\Users\prana\projects\Major project\MobileApp\android\.gradle\8.14\checksums)"        [_thread_blocked, id=1572, stack(0x0000003145800000,0x0000003145900000) (1024K)]
  0x000001d1036a0e70 JavaThread "Cache worker for file content cache (C:\Users\prana\.gradle\caches\8.14\fileContent)"        [_thread_blocked, id=19920, stack(0x0000003145900000,0x0000003145a00000) (1024K)]
  0x000001d1036a4980 JavaThread "Cache worker for cache directory md-supplier (C:\Users\prana\.gradle\caches\8.14\md-supplier)"        [_thread_blocked, id=9248, stack(0x0000003145a00000,0x0000003145b00000) (1024K)]
  0x000001d1036a5010 JavaThread "Cache worker for cache directory md-rule (C:\Users\prana\.gradle\caches\8.14\md-rule)"        [_thread_blocked, id=22788, stack(0x0000003145b00000,0x0000003145c00000) (1024K)]
  0x000001d1036a5d30 JavaThread "Cache worker for Build Output Cleanup Cache (C:\src\flutter\packages\flutter_tools\gradle\.gradle\buildOutputCleanup)"        [_thread_blocked, id=748, stack(0x0000003145c00000,0x0000003145d00000) (1024K)]
  0x000001d1036a42f0 JavaThread "Unconstrained build operations"        [_thread_blocked, id=22716, stack(0x0000003145e00000,0x0000003145f00000) (1024K)]
  0x000001d1036a56a0 JavaThread "Unconstrained build operations Thread 2"        [_thread_blocked, id=5052, stack(0x0000003145f00000,0x0000003146000000) (1024K)]
  0x000001d1036a7e00 JavaThread "Unconstrained build operations Thread 3"        [_thread_blocked, id=21656, stack(0x0000003146000000,0x0000003146100000) (1024K)]
  0x000001d1038a1440 JavaThread "Unconstrained build operations Thread 4"        [_thread_blocked, id=12332, stack(0x0000003146100000,0x0000003146200000) (1024K)]
  0x000001d1038a0db0 JavaThread "Unconstrained build operations Thread 5"        [_thread_blocked, id=5080, stack(0x0000003146200000,0x0000003146300000) (1024K)]
  0x000001d1038a1ad0 JavaThread "Unconstrained build operations Thread 6"        [_thread_blocked, id=10836, stack(0x0000003146300000,0x0000003146400000) (1024K)]
  0x000001d1038a4230 JavaThread "Unconstrained build operations Thread 7"        [_thread_blocked, id=17020, stack(0x0000003146400000,0x0000003146500000) (1024K)]
  0x000001d1038a3510 JavaThread "Unconstrained build operations Thread 8"        [_thread_blocked, id=5240, stack(0x0000003146500000,0x0000003146600000) (1024K)]
  0x000001d1038a48c0 JavaThread "Unconstrained build operations Thread 9"        [_thread_blocked, id=22892, stack(0x0000003146600000,0x0000003146700000) (1024K)]
  0x000001d1038a3ba0 JavaThread "Memory manager"                    [_thread_blocked, id=22728, stack(0x0000003143000000,0x0000003143100000) (1024K)]
  0x000001d1038a2160 JavaThread "build event listener"              [_thread_blocked, id=23104, stack(0x0000003143100000,0x0000003143200000) (1024K)]
  0x000001d103c8f620 JavaThread "included builds"                   [_thread_blocked, id=3020, stack(0x0000003146800000,0x0000003146900000) (1024K)]
  0x000001d103c8fcb0 JavaThread "Execution worker"                  [_thread_blocked, id=16576, stack(0x0000003146900000,0x0000003146a00000) (1024K)]
  0x000001d103c916f0 JavaThread "Execution worker Thread 2"         [_thread_blocked, id=12680, stack(0x0000003146a00000,0x0000003146b00000) (1024K)]
  0x000001d103c90340 JavaThread "Execution worker Thread 3"         [_thread_blocked, id=22620, stack(0x0000003146b00000,0x0000003146c00000) (1024K)]
  0x000001d103c909d0 JavaThread "Cache worker for execution history cache (C:\src\flutter\packages\flutter_tools\gradle\.gradle\8.14\executionHistory)"        [_thread_blocked, id=22012, stack(0x0000003146c00000,0x0000003146d00000) (1024K)]
  0x000001d103c91d80 JavaThread "Unconstrained build operations Thread 10"        [_thread_blocked, id=20448, stack(0x0000003146d00000,0x0000003146e00000) (1024K)]
  0x000001d103c92410 JavaThread "Unconstrained build operations Thread 11"        [_thread_blocked, id=5720, stack(0x0000003146e00000,0x0000003146f00000) (1024K)]
  0x000001d103c8ef90 JavaThread "Unconstrained build operations Thread 12"        [_thread_blocked, id=16224, stack(0x0000003146f00000,0x0000003147000000) (1024K)]
  0x000001d103c93130 JavaThread "Unconstrained build operations Thread 13"        [_thread_blocked, id=6912, stack(0x0000003147000000,0x0000003147100000) (1024K)]
  0x000001d103c937c0 JavaThread "Unconstrained build operations Thread 14"        [_thread_blocked, id=6200, stack(0x0000003147100000,0x0000003147200000) (1024K)]
  0x000001d103c95890 JavaThread "Unconstrained build operations Thread 15"        [_thread_blocked, id=23164, stack(0x0000003147200000,0x0000003147300000) (1024K)]
  0x000001d103c94b70 JavaThread "Unconstrained build operations Thread 16"        [_thread_blocked, id=21632, stack(0x0000003147300000,0x0000003147400000) (1024K)]
  0x000001d103c92aa0 JavaThread "Unconstrained build operations Thread 17"        [_thread_blocked, id=24428, stack(0x0000003147400000,0x0000003147500000) (1024K)]
  0x000001d103c93e50 JavaThread "Unconstrained build operations Thread 18"        [_thread_blocked, id=3132, stack(0x0000003147500000,0x0000003147600000) (1024K)]
  0x000001d103c944e0 JavaThread "Unconstrained build operations Thread 19"        [_thread_blocked, id=22448, stack(0x0000003147600000,0x0000003147700000) (1024K)]
  0x000001d103c95200 JavaThread "Unconstrained build operations Thread 20"        [_thread_blocked, id=6772, stack(0x0000003147700000,0x0000003147800000) (1024K)]
  0x000001d1038a7d40 JavaThread "Unconstrained build operations Thread 21"        [_thread_blocked, id=22304, stack(0x0000003147800000,0x0000003147900000) (1024K)]
  0x000001d1038a83d0 JavaThread "Unconstrained build operations Thread 22"        [_thread_blocked, id=24192, stack(0x0000003147900000,0x0000003147a00000) (1024K)]
  0x000001d10249f7b0 JavaThread "Unconstrained build operations Thread 23"        [_thread_blocked, id=24344, stack(0x0000003147a00000,0x0000003147b00000) (1024K)]
  0x000001d10249fe40 JavaThread "Unconstrained build operations Thread 24"        [_thread_blocked, id=13784, stack(0x0000003147b00000,0x0000003147c00000) (1024K)]
  0x000001d1024a11f0 JavaThread "Unconstrained build operations Thread 25"        [_thread_blocked, id=18884, stack(0x0000003147c00000,0x0000003147d00000) (1024K)]
  0x000001d1024a1880 JavaThread "Unconstrained build operations Thread 26"        [_thread_blocked, id=23852, stack(0x0000003147d00000,0x0000003147e00000) (1024K)]
  0x000001d1024a04d0 JavaThread "Unconstrained build operations Thread 27"        [_thread_blocked, id=9512, stack(0x0000003147e00000,0x0000003147f00000) (1024K)]
  0x000001d10249f120 JavaThread "Unconstrained build operations Thread 28"        [_thread_blocked, id=20496, stack(0x0000003147f00000,0x0000003148000000) (1024K)]
  0x000001d1024a0b60 JavaThread "Unconstrained build operations Thread 29"        [_thread_blocked, id=19080, stack(0x0000003148000000,0x0000003148100000) (1024K)]
  0x000001d1024a2c30 JavaThread "build event listener"              [_thread_blocked, id=620, stack(0x0000003148300000,0x0000003148400000) (1024K)]
Total: 70

Other Threads:
=>0x000001d1604f7a50 VMThread "VM Thread"                           [id=24324, stack(0x0000003143900000,0x0000003143a00000) (1024K)]
  0x000001d1604e7cf0 WatcherThread "VM Periodic Task Thread"        [id=7460, stack(0x0000003143800000,0x0000003143900000) (1024K)]
  0x000001d14317c790 WorkerThread "GC Thread#0"                     [id=12136, stack(0x0000003143300000,0x0000003143400000) (1024K)]
  0x000001d1608e47b0 WorkerThread "GC Thread#1"                     [id=22024, stack(0x0000003144400000,0x0000003144500000) (1024K)]
  0x000001d100030b30 WorkerThread "GC Thread#2"                     [id=22088, stack(0x0000003144500000,0x0000003144600000) (1024K)]
  0x000001d1008eefc0 WorkerThread "GC Thread#3"                     [id=21780, stack(0x0000003144700000,0x0000003144800000) (1024K)]
  0x000001d14318d690 ConcurrentGCThread "G1 Main Marker"            [id=16348, stack(0x0000003143400000,0x0000003143500000) (1024K)]
  0x000001d14318e0b0 WorkerThread "G1 Conc#0"                       [id=836, stack(0x0000003143500000,0x0000003143600000) (1024K)]
  0x000001d1603ba510 ConcurrentGCThread "G1 Refine#0"               [id=19452, stack(0x0000003143600000,0x0000003143700000) (1024K)]
  0x000001d1603bbe50 ConcurrentGCThread "G1 Service"                [id=3604, stack(0x0000003143700000,0x0000003143800000) (1024K)]
Total: 10

Threads with active compile tasks:
Total: 0

VM state: at safepoint (normal execution)

VM Mutex/Monitor currently owned by a thread:  ([mutex/lock_event])
[0x00007ff8698ff570] Threads_lock - owner thread: 0x000001d1604f7a50
[0x00007ff8698ff670] Heap_lock - owner thread: 0x000001d14318d690

Heap address: 0x0000000080000000, size: 2048 MB, Compressed Oops mode: 32-bit

CDS archive(s) mapped at: [0x000001d161000000-0x000001d161c80000-0x000001d161c80000), size 13107200, SharedBaseAddress: 0x000001d161000000, ArchiveRelocationMode: 1.
Compressed class space mapped at: 0x000001d162000000-0x000001d17c000000, reserved size: 436207616
Narrow klass base: 0x000001d161000000, Narrow klass shift: 0, Narrow klass range: 0x100000000

GC Precious Log:
 CardTable entry size: 512
 Card Set container configuration: InlinePtr #cards 5 size 8 Array Of Cards #cards 12 size 40 Howl #buckets 4 coarsen threshold 1843 Howl Bitmap #cards 512 size 80 coarsen threshold 460 Card regions per heap region 1 cards per card region 2048
 CPUs: 4 total, 4 available
 Memory: 7930M
 Large Page Support: Disabled
 NUMA Support: Disabled
 Compressed Oops: Enabled (32-bit)
 Heap Region Size: 1M
 Heap Min Capacity: 8M
 Heap Initial Capacity: 124M
 Heap Max Capacity: 2G
 Pre-touch: Disabled
 Parallel Workers: 4
 Concurrent Workers: 1
 Concurrent Refinement Workers: 4
 Periodic GC: Disabled

Heap:
 garbage-first heap   total 199680K, used 147277K [0x0000000080000000, 0x0000000100000000)
  region size 1024K, 13 young (13312K), 6 survivors (6144K)
 Metaspace       used 109166K, committed 111424K, reserved 557056K
  class space    used 15542K, committed 16640K, reserved 425984K

Heap Regions: E=young(eden), S=young(survivor), O=old, HS=humongous(starts), HC=humongous(continues), CS=collection set, F=free, TAMS=top-at-mark-start, PB=parsable bottom
|   0|0x0000000080000000, 0x0000000080100000, 0x0000000080100000|100%|HS|  |TAMS 0x0000000080100000| PB 0x0000000080000000| Complete 
|   1|0x0000000080100000, 0x0000000080200000, 0x0000000080200000|100%|HC|  |TAMS 0x0000000080200000| PB 0x0000000080100000| Complete 
|   2|0x0000000080200000, 0x0000000080300000, 0x0000000080300000|100%|HC|  |TAMS 0x0000000080300000| PB 0x0000000080200000| Complete 
|   3|0x0000000080300000, 0x0000000080400000, 0x0000000080400000|100%| O|  |TAMS 0x0000000080400000| PB 0x0000000080400000| Updating 
|   4|0x0000000080400000, 0x0000000080500000, 0x0000000080500000|100%| O|  |TAMS 0x0000000080500000| PB 0x0000000080500000| Untracked 
|   5|0x0000000080500000, 0x0000000080600000, 0x0000000080600000|100%| O|  |TAMS 0x0000000080600000| PB 0x0000000080600000| Untracked 
|   6|0x0000000080600000, 0x0000000080700000, 0x0000000080700000|100%| O|  |TAMS 0x0000000080700000| PB 0x0000000080700000| Untracked 
|   7|0x0000000080700000, 0x0000000080800000, 0x0000000080800000|100%|HS|  |TAMS 0x0000000080800000| PB 0x0000000080700000| Complete 
|   8|0x0000000080800000, 0x0000000080900000, 0x0000000080900000|100%| O|  |TAMS 0x0000000080900000| PB 0x0000000080900000| Untracked 
|   9|0x0000000080900000, 0x0000000080a00000, 0x0000000080a00000|100%| O|  |TAMS 0x0000000080a00000| PB 0x0000000080a00000| Updating 
|  10|0x0000000080a00000, 0x0000000080b00000, 0x0000000080b00000|100%| O|  |TAMS 0x0000000080b00000| PB 0x0000000080b00000| Untracked 
|  11|0x0000000080b00000, 0x0000000080c00000, 0x0000000080c00000|100%| O|  |TAMS 0x0000000080c00000| PB 0x0000000080c00000| Untracked 
|  12|0x0000000080c00000, 0x0000000080d00000, 0x0000000080d00000|100%| O|  |TAMS 0x0000000080d00000| PB 0x0000000080d00000| Untracked 
|  13|0x0000000080d00000, 0x0000000080e00000, 0x0000000080e00000|100%| O|  |TAMS 0x0000000080e00000| PB 0x0000000080e00000| Untracked 
|  14|0x0000000080e00000, 0x0000000080f00000, 0x0000000080f00000|100%| O|  |TAMS 0x0000000080f00000| PB 0x0000000080f00000| Untracked 
|  15|0x0000000080f00000, 0x0000000081000000, 0x0000000081000000|100%| O|  |TAMS 0x0000000081000000| PB 0x0000000081000000| Updating 
|  16|0x0000000081000000, 0x0000000081100000, 0x0000000081100000|100%| O|  |TAMS 0x0000000081100000| PB 0x0000000081100000| Updating 
|  17|0x0000000081100000, 0x0000000081200000, 0x0000000081200000|100%| O|  |TAMS 0x0000000081200000| PB 0x0000000081200000| Untracked 
|  18|0x0000000081200000, 0x0000000081300000, 0x0000000081300000|100%| O|  |TAMS 0x0000000081300000| PB 0x0000000081300000| Untracked 
|  19|0x0000000081300000, 0x0000000081400000, 0x0000000081400000|100%| O|  |TAMS 0x0000000081400000| PB 0x0000000081400000| Untracked 
|  20|0x0000000081400000, 0x0000000081500000, 0x0000000081500000|100%| O|  |TAMS 0x0000000081500000| PB 0x0000000081500000| Untracked 
|  21|0x0000000081500000, 0x0000000081600000, 0x0000000081600000|100%| O|  |TAMS 0x0000000081600000| PB 0x0000000081600000| Untracked 
|  22|0x0000000081600000, 0x0000000081700000, 0x0000000081700000|100%| O|  |TAMS 0x0000000081700000| PB 0x0000000081700000| Untracked 
|  23|0x0000000081700000, 0x0000000081800000, 0x0000000081800000|100%| O|  |TAMS 0x0000000081800000| PB 0x0000000081800000| Untracked 
|  24|0x0000000081800000, 0x0000000081900000, 0x0000000081900000|100%| O|  |TAMS 0x0000000081900000| PB 0x0000000081900000| Updating 
|  25|0x0000000081900000, 0x0000000081a00000, 0x0000000081a00000|100%| O|  |TAMS 0x0000000081a00000| PB 0x0000000081a00000| Untracked 
|  26|0x0000000081a00000, 0x0000000081b00000, 0x0000000081b00000|100%| O|  |TAMS 0x0000000081b00000| PB 0x0000000081b00000| Updating 
|  27|0x0000000081b00000, 0x0000000081c00000, 0x0000000081c00000|100%| O|  |TAMS 0x0000000081c00000| PB 0x0000000081c00000| Updating 
|  28|0x0000000081c00000, 0x0000000081d00000, 0x0000000081d00000|100%| O|  |TAMS 0x0000000081d00000| PB 0x0000000081d00000| Untracked 
|  29|0x0000000081d00000, 0x0000000081e00000, 0x0000000081e00000|100%| O|  |TAMS 0x0000000081e00000| PB 0x0000000081e00000| Untracked 
|  30|0x0000000081e00000, 0x0000000081f00000, 0x0000000081f00000|100%| O|  |TAMS 0x0000000081f00000| PB 0x0000000081f00000| Updating 
|  31|0x0000000081f00000, 0x0000000082000000, 0x0000000082000000|100%| O|  |TAMS 0x0000000082000000| PB 0x0000000082000000| Untracked 
|  32|0x0000000082000000, 0x0000000082100000, 0x0000000082100000|100%| O|  |TAMS 0x0000000082100000| PB 0x0000000082100000| Untracked 
|  33|0x0000000082100000, 0x0000000082200000, 0x0000000082200000|100%| O|  |TAMS 0x0000000082200000| PB 0x0000000082200000| Untracked 
|  34|0x0000000082200000, 0x0000000082300000, 0x0000000082300000|100%| O|  |TAMS 0x0000000082300000| PB 0x0000000082300000| Untracked 
|  35|0x0000000082300000, 0x0000000082400000, 0x0000000082400000|100%| O|  |TAMS 0x0000000082400000| PB 0x0000000082400000| Untracked 
|  36|0x0000000082400000, 0x0000000082500000, 0x0000000082500000|100%| O|  |TAMS 0x0000000082500000| PB 0x0000000082500000| Untracked 
|  37|0x0000000082500000, 0x0000000082600000, 0x0000000082600000|100%| O|  |TAMS 0x0000000082600000| PB 0x0000000082600000| Untracked 
|  38|0x0000000082600000, 0x0000000082700000, 0x0000000082700000|100%| O|  |TAMS 0x0000000082700000| PB 0x0000000082700000| Updating 
|  39|0x0000000082700000, 0x0000000082800000, 0x0000000082800000|100%| O|  |TAMS 0x0000000082800000| PB 0x0000000082800000| Updating 
|  40|0x0000000082800000, 0x0000000082900000, 0x0000000082900000|100%| O|  |TAMS 0x0000000082800000| PB 0x0000000082800000| Untracked 
|  41|0x0000000082900000, 0x0000000082a00000, 0x0000000082a00000|100%| O|  |TAMS 0x0000000082a00000| PB 0x0000000082a00000| Untracked 
|  42|0x0000000082a00000, 0x0000000082b00000, 0x0000000082b00000|100%| O|  |TAMS 0x0000000082b00000| PB 0x0000000082b00000| Untracked 
|  43|0x0000000082b00000, 0x0000000082c00000, 0x0000000082c00000|100%| O|  |TAMS 0x0000000082c00000| PB 0x0000000082c00000| Updating 
|  44|0x0000000082c00000, 0x0000000082d00000, 0x0000000082d00000|100%|HS|  |TAMS 0x0000000082d00000| PB 0x0000000082c00000| Complete 
|  45|0x0000000082d00000, 0x0000000082e00000, 0x0000000082e00000|100%|HC|  |TAMS 0x0000000082e00000| PB 0x0000000082d00000| Complete 
|  46|0x0000000082e00000, 0x0000000082f00000, 0x0000000082f00000|100%| O|  |TAMS 0x0000000082f00000| PB 0x0000000082f00000| Updating 
|  47|0x0000000082f00000, 0x0000000083000000, 0x0000000083000000|100%|HS|  |TAMS 0x0000000083000000| PB 0x0000000082f00000| Complete 
|  48|0x0000000083000000, 0x0000000083100000, 0x0000000083100000|100%|HC|  |TAMS 0x0000000083100000| PB 0x0000000083000000| Complete 
|  49|0x0000000083100000, 0x0000000083200000, 0x0000000083200000|100%|HS|  |TAMS 0x0000000083200000| PB 0x0000000083100000| Complete 
|  50|0x0000000083200000, 0x0000000083300000, 0x0000000083300000|100%|HC|  |TAMS 0x0000000083300000| PB 0x0000000083200000| Complete 
|  51|0x0000000083300000, 0x0000000083400000, 0x0000000083400000|100%|HC|  |TAMS 0x0000000083400000| PB 0x0000000083300000| Complete 
|  52|0x0000000083400000, 0x0000000083500000, 0x0000000083500000|100%| O|  |TAMS 0x0000000083500000| PB 0x0000000083500000| Untracked 
|  53|0x0000000083500000, 0x0000000083600000, 0x0000000083600000|100%| O|  |TAMS 0x0000000083600000| PB 0x0000000083600000| Untracked 
|  54|0x0000000083600000, 0x0000000083700000, 0x0000000083700000|100%| O|  |TAMS 0x0000000083700000| PB 0x0000000083700000| Untracked 
|  55|0x0000000083700000, 0x0000000083800000, 0x0000000083800000|100%| O|  |TAMS 0x0000000083800000| PB 0x0000000083800000| Untracked 
|  56|0x0000000083800000, 0x0000000083900000, 0x0000000083900000|100%| O|  |TAMS 0x0000000083900000| PB 0x0000000083900000| Untracked 
|  57|0x0000000083900000, 0x0000000083a00000, 0x0000000083a00000|100%|HS|  |TAMS 0x0000000083a00000| PB 0x0000000083900000| Complete 
|  58|0x0000000083a00000, 0x0000000083b00000, 0x0000000083b00000|100%|HC|  |TAMS 0x0000000083b00000| PB 0x0000000083a00000| Complete 
|  59|0x0000000083b00000, 0x0000000083c00000, 0x0000000083c00000|100%|HC|  |TAMS 0x0000000083c00000| PB 0x0000000083b00000| Complete 
|  60|0x0000000083c00000, 0x0000000083d00000, 0x0000000083d00000|100%| O|  |TAMS 0x0000000083d00000| PB 0x0000000083d00000| Updating 
|  61|0x0000000083d00000, 0x0000000083e00000, 0x0000000083e00000|100%| O|  |TAMS 0x0000000083e00000| PB 0x0000000083e00000| Updating 
|  62|0x0000000083e00000, 0x0000000083f00000, 0x0000000083f00000|100%| O|  |TAMS 0x0000000083f00000| PB 0x0000000083f00000| Updating 
|  63|0x0000000083f00000, 0x0000000084000000, 0x0000000084000000|100%| O|  |TAMS 0x0000000084000000| PB 0x0000000084000000| Untracked 
|  64|0x0000000084000000, 0x0000000084100000, 0x0000000084100000|100%| O|  |TAMS 0x0000000084100000| PB 0x0000000084100000| Untracked 
|  65|0x0000000084100000, 0x0000000084200000, 0x0000000084200000|100%| O|  |TAMS 0x0000000084200000| PB 0x0000000084200000| Updating 
|  66|0x0000000084200000, 0x0000000084300000, 0x0000000084300000|100%| O|  |TAMS 0x0000000084300000| PB 0x0000000084300000| Updating 
|  67|0x0000000084300000, 0x0000000084400000, 0x0000000084400000|100%| O|  |TAMS 0x0000000084400000| PB 0x0000000084400000| Untracked 
|  68|0x0000000084400000, 0x0000000084500000, 0x0000000084500000|100%| O|  |TAMS 0x0000000084500000| PB 0x0000000084500000| Untracked 
|  69|0x0000000084500000, 0x0000000084600000, 0x0000000084600000|100%| O|  |TAMS 0x0000000084600000| PB 0x0000000084600000| Untracked 
|  70|0x0000000084600000, 0x0000000084700000, 0x0000000084700000|100%| O|  |TAMS 0x0000000084700000| PB 0x0000000084700000| Untracked 
|  71|0x0000000084700000, 0x0000000084800000, 0x0000000084800000|100%| O|  |TAMS 0x0000000084800000| PB 0x0000000084800000| Updating 
|  72|0x0000000084800000, 0x0000000084900000, 0x0000000084900000|100%| O|  |TAMS 0x0000000084900000| PB 0x0000000084900000| Untracked 
|  73|0x0000000084900000, 0x0000000084a00000, 0x0000000084a00000|100%| O|  |TAMS 0x0000000084a00000| PB 0x0000000084a00000| Updating 
|  74|0x0000000084a00000, 0x0000000084b00000, 0x0000000084b00000|100%| O|  |TAMS 0x0000000084b00000| PB 0x0000000084b00000| Untracked 
|  75|0x0000000084b00000, 0x0000000084c00000, 0x0000000084c00000|100%| O|  |TAMS 0x0000000084c00000| PB 0x0000000084c00000| Untracked 
|  76|0x0000000084c00000, 0x0000000084d00000, 0x0000000084d00000|100%|HS|  |TAMS 0x0000000084d00000| PB 0x0000000084c00000| Complete 
|  77|0x0000000084d00000, 0x0000000084e00000, 0x0000000084e00000|100%|HS|  |TAMS 0x0000000084e00000| PB 0x0000000084d00000| Complete 
|  78|0x0000000084e00000, 0x0000000084f00000, 0x0000000084f00000|100%|HS|  |TAMS 0x0000000084f00000| PB 0x0000000084e00000| Complete 
|  79|0x0000000084f00000, 0x0000000085000000, 0x0000000085000000|100%|HC|  |TAMS 0x0000000085000000| PB 0x0000000084f00000| Complete 
|  80|0x0000000085000000, 0x0000000085100000, 0x0000000085100000|100%|HS|  |TAMS 0x0000000085100000| PB 0x0000000085000000| Complete 
|  81|0x0000000085100000, 0x0000000085200000, 0x0000000085200000|100%|HS|  |TAMS 0x0000000085200000| PB 0x0000000085100000| Complete 
|  82|0x0000000085200000, 0x0000000085300000, 0x0000000085300000|100%| O|  |TAMS 0x0000000085300000| PB 0x0000000085300000| Untracked 
|  83|0x0000000085300000, 0x0000000085400000, 0x0000000085400000|100%|HS|  |TAMS 0x0000000085400000| PB 0x0000000085300000| Complete 
|  84|0x0000000085400000, 0x0000000085500000, 0x0000000085500000|100%|HC|  |TAMS 0x0000000085500000| PB 0x0000000085400000| Complete 
|  85|0x0000000085500000, 0x0000000085600000, 0x0000000085600000|100%|HS|  |TAMS 0x0000000085600000| PB 0x0000000085500000| Complete 
|  86|0x0000000085600000, 0x0000000085700000, 0x0000000085700000|100%|HS|  |TAMS 0x0000000085700000| PB 0x0000000085600000| Complete 
|  87|0x0000000085700000, 0x0000000085800000, 0x0000000085800000|100%| O|  |TAMS 0x0000000085800000| PB 0x0000000085800000| Updating 
|  88|0x0000000085800000, 0x0000000085900000, 0x0000000085900000|100%| O|  |TAMS 0x0000000085900000| PB 0x0000000085900000| Updating 
|  89|0x0000000085900000, 0x0000000085a00000, 0x0000000085a00000|100%| O|  |TAMS 0x0000000085900000| PB 0x0000000085900000| Untracked 
|  90|0x0000000085a00000, 0x0000000085b00000, 0x0000000085b00000|100%| O|  |TAMS 0x0000000085a00000| PB 0x0000000085a00000| Untracked 
|  91|0x0000000085b00000, 0x0000000085c00000, 0x0000000085c00000|100%| O|  |TAMS 0x0000000085b00000| PB 0x0000000085b00000| Untracked 
|  92|0x0000000085c00000, 0x0000000085d00000, 0x0000000085d00000|100%| O|  |TAMS 0x0000000085d00000| PB 0x0000000085d00000| Updating 
|  93|0x0000000085d00000, 0x0000000085e00000, 0x0000000085e00000|100%| O|  |TAMS 0x0000000085e00000| PB 0x0000000085e00000| Untracked 
|  94|0x0000000085e00000, 0x0000000085f00000, 0x0000000085f00000|100%| O|  |TAMS 0x0000000085f00000| PB 0x0000000085f00000| Updating 
|  95|0x0000000085f00000, 0x0000000086000000, 0x0000000086000000|100%| O|  |TAMS 0x0000000086000000| PB 0x0000000086000000| Untracked 
|  96|0x0000000086000000, 0x0000000086100000, 0x0000000086100000|100%|HS|  |TAMS 0x0000000086100000| PB 0x0000000086000000| Complete 
|  97|0x0000000086100000, 0x0000000086200000, 0x0000000086200000|100%| O|  |TAMS 0x0000000086200000| PB 0x0000000086200000| Untracked 
|  98|0x0000000086200000, 0x0000000086300000, 0x0000000086300000|100%| O|  |TAMS 0x0000000086300000| PB 0x0000000086300000| Untracked 
|  99|0x0000000086300000, 0x0000000086400000, 0x0000000086400000|100%| O|  |TAMS 0x0000000086400000| PB 0x0000000086400000| Untracked 
| 100|0x0000000086400000, 0x0000000086500000, 0x0000000086500000|100%| O|  |TAMS 0x0000000086500000| PB 0x0000000086500000| Untracked 
| 101|0x0000000086500000, 0x0000000086600000, 0x0000000086600000|100%| O|  |TAMS 0x0000000086600000| PB 0x0000000086600000| Untracked 
| 102|0x0000000086600000, 0x0000000086700000, 0x0000000086700000|100%| O|  |TAMS 0x0000000086700000| PB 0x0000000086700000| Updating 
| 103|0x0000000086700000, 0x0000000086800000, 0x0000000086800000|100%| O|  |TAMS 0x0000000086800000| PB 0x0000000086800000| Updating 
| 104|0x0000000086800000, 0x0000000086900000, 0x0000000086900000|100%| O|  |TAMS 0x0000000086900000| PB 0x0000000086900000| Updating 
| 105|0x0000000086900000, 0x0000000086a00000, 0x0000000086a00000|100%| O|  |TAMS 0x0000000086a00000| PB 0x0000000086a00000| Untracked 
| 106|0x0000000086a00000, 0x0000000086b00000, 0x0000000086b00000|100%| O|  |TAMS 0x0000000086b00000| PB 0x0000000086b00000| Untracked 
| 107|0x0000000086b00000, 0x0000000086c00000, 0x0000000086c00000|100%| O|  |TAMS 0x0000000086c00000| PB 0x0000000086c00000| Untracked 
| 108|0x0000000086c00000, 0x0000000086d00000, 0x0000000086d00000|100%| O|  |TAMS 0x0000000086d00000| PB 0x0000000086d00000| Untracked 
| 109|0x0000000086d00000, 0x0000000086e00000, 0x0000000086e00000|100%| O|  |TAMS 0x0000000086d00000| PB 0x0000000086d00000| Untracked 
| 110|0x0000000086e00000, 0x0000000086f00000, 0x0000000086f00000|100%| O|  |TAMS 0x0000000086e00000| PB 0x0000000086e00000| Untracked 
| 111|0x0000000086f00000, 0x0000000087000000, 0x0000000087000000|100%| O|  |TAMS 0x0000000086f00000| PB 0x0000000086f00000| Untracked 
| 112|0x0000000087000000, 0x0000000087080000, 0x0000000087100000| 50%| O|  |TAMS 0x0000000087000000| PB 0x0000000087000000| Updating 
| 113|0x0000000087100000, 0x0000000087100000, 0x0000000087200000|  0%| F|  |TAMS 0x0000000087100000| PB 0x0000000087100000| Untracked 
| 114|0x0000000087200000, 0x0000000087200000, 0x0000000087300000|  0%| F|  |TAMS 0x0000000087200000| PB 0x0000000087200000| Untracked 
| 115|0x0000000087300000, 0x0000000087300000, 0x0000000087400000|  0%| F|  |TAMS 0x0000000087300000| PB 0x0000000087300000| Untracked 
| 116|0x0000000087400000, 0x0000000087500000, 0x0000000087500000|100%| O|  |TAMS 0x0000000087500000| PB 0x0000000087500000| Untracked 
| 117|0x0000000087500000, 0x0000000087600000, 0x0000000087600000|100%| O|  |TAMS 0x0000000087600000| PB 0x0000000087600000| Untracked 
| 118|0x0000000087600000, 0x0000000087700000, 0x0000000087700000|100%| O|  |TAMS 0x0000000087700000| PB 0x0000000087700000| Updating 
| 119|0x0000000087700000, 0x0000000087700000, 0x0000000087800000|  0%| F|  |TAMS 0x0000000087700000| PB 0x0000000087700000| Untracked 
| 120|0x0000000087800000, 0x0000000087900000, 0x0000000087900000|100%| O|  |TAMS 0x0000000087900000| PB 0x0000000087900000| Untracked 
| 121|0x0000000087900000, 0x0000000087a00000, 0x0000000087a00000|100%| O|  |TAMS 0x0000000087a00000| PB 0x0000000087a00000| Untracked 
| 122|0x0000000087a00000, 0x0000000087b00000, 0x0000000087b00000|100%| O|  |TAMS 0x0000000087b00000| PB 0x0000000087b00000| Untracked 
| 123|0x0000000087b00000, 0x0000000087c00000, 0x0000000087c00000|100%| O|  |TAMS 0x0000000087c00000| PB 0x0000000087c00000| Untracked 
| 124|0x0000000087c00000, 0x0000000087d00000, 0x0000000087d00000|100%| O|  |TAMS 0x0000000087d00000| PB 0x0000000087d00000| Untracked 
| 125|0x0000000087d00000, 0x0000000087e00000, 0x0000000087e00000|100%| O|  |TAMS 0x0000000087e00000| PB 0x0000000087e00000| Untracked 
| 126|0x0000000087e00000, 0x0000000087f00000, 0x0000000087f00000|100%| O|  |TAMS 0x0000000087f00000| PB 0x0000000087f00000| Untracked 
| 127|0x0000000087f00000, 0x0000000088000000, 0x0000000088000000|100%| O|  |TAMS 0x0000000088000000| PB 0x0000000088000000| Untracked 
| 128|0x0000000088000000, 0x0000000088100000, 0x0000000088100000|100%| O|  |TAMS 0x0000000088100000| PB 0x0000000088100000| Untracked 
| 129|0x0000000088100000, 0x0000000088100000, 0x0000000088200000|  0%| F|  |TAMS 0x0000000088100000| PB 0x0000000088100000| Untracked 
| 130|0x0000000088200000, 0x0000000088200000, 0x0000000088300000|  0%| F|  |TAMS 0x0000000088200000| PB 0x0000000088200000| Untracked 
| 131|0x0000000088300000, 0x0000000088300000, 0x0000000088400000|  0%| F|  |TAMS 0x0000000088300000| PB 0x0000000088300000| Untracked 
| 132|0x0000000088400000, 0x0000000088400000, 0x0000000088500000|  0%| F|  |TAMS 0x0000000088400000| PB 0x0000000088400000| Untracked 
| 133|0x0000000088500000, 0x0000000088500000, 0x0000000088600000|  0%| F|  |TAMS 0x0000000088500000| PB 0x0000000088500000| Untracked 
| 134|0x0000000088600000, 0x0000000088600000, 0x0000000088700000|  0%| F|  |TAMS 0x0000000088600000| PB 0x0000000088600000| Untracked 
| 135|0x0000000088700000, 0x0000000088700000, 0x0000000088800000|  0%| F|  |TAMS 0x0000000088700000| PB 0x0000000088700000| Untracked 
| 136|0x0000000088800000, 0x0000000088800000, 0x0000000088900000|  0%| F|  |TAMS 0x0000000088800000| PB 0x0000000088800000| Untracked 
| 137|0x0000000088900000, 0x0000000088900000, 0x0000000088a00000|  0%| F|  |TAMS 0x0000000088900000| PB 0x0000000088900000| Untracked 
| 138|0x0000000088a00000, 0x0000000088a00000, 0x0000000088b00000|  0%| F|  |TAMS 0x0000000088a00000| PB 0x0000000088a00000| Untracked 
| 139|0x0000000088b00000, 0x0000000088b535b0, 0x0000000088c00000| 32%| S|CS|TAMS 0x0000000088b00000| PB 0x0000000088b00000| Complete 
| 140|0x0000000088c00000, 0x0000000088c00000, 0x0000000088d00000|  0%| F|  |TAMS 0x0000000088c00000| PB 0x0000000088c00000| Untracked 
| 141|0x0000000088d00000, 0x0000000088d00000, 0x0000000088e00000|  0%| F|  |TAMS 0x0000000088d00000| PB 0x0000000088d00000| Untracked 
| 142|0x0000000088e00000, 0x0000000088e00000, 0x0000000088f00000|  0%| F|  |TAMS 0x0000000088e00000| PB 0x0000000088e00000| Untracked 
| 143|0x0000000088f00000, 0x0000000089000000, 0x0000000089000000|100%| S|CS|TAMS 0x0000000088f00000| PB 0x0000000088f00000| Complete 
| 144|0x0000000089000000, 0x0000000089100000, 0x0000000089100000|100%| S|CS|TAMS 0x0000000089000000| PB 0x0000000089000000| Complete 
| 145|0x0000000089100000, 0x0000000089200000, 0x0000000089200000|100%| S|CS|TAMS 0x0000000089100000| PB 0x0000000089100000| Complete 
| 146|0x0000000089200000, 0x0000000089300000, 0x0000000089300000|100%| S|CS|TAMS 0x0000000089200000| PB 0x0000000089200000| Complete 
| 147|0x0000000089300000, 0x0000000089400000, 0x0000000089400000|100%| S|CS|TAMS 0x0000000089300000| PB 0x0000000089300000| Complete 
| 148|0x0000000089400000, 0x0000000089400000, 0x0000000089500000|  0%| F|  |TAMS 0x0000000089400000| PB 0x0000000089400000| Untracked 
| 149|0x0000000089500000, 0x0000000089500000, 0x0000000089600000|  0%| F|  |TAMS 0x0000000089500000| PB 0x0000000089500000| Untracked 
| 150|0x0000000089600000, 0x0000000089600000, 0x0000000089700000|  0%| F|  |TAMS 0x0000000089600000| PB 0x0000000089600000| Untracked 
| 151|0x0000000089700000, 0x0000000089700000, 0x0000000089800000|  0%| F|  |TAMS 0x0000000089700000| PB 0x0000000089700000| Untracked 
| 152|0x0000000089800000, 0x0000000089800000, 0x0000000089900000|  0%| F|  |TAMS 0x0000000089800000| PB 0x0000000089800000| Untracked 
| 153|0x0000000089900000, 0x0000000089900000, 0x0000000089a00000|  0%| F|  |TAMS 0x0000000089900000| PB 0x0000000089900000| Untracked 
| 154|0x0000000089a00000, 0x0000000089a00000, 0x0000000089b00000|  0%| F|  |TAMS 0x0000000089a00000| PB 0x0000000089a00000| Untracked 
| 155|0x0000000089b00000, 0x0000000089b00000, 0x0000000089c00000|  0%| F|  |TAMS 0x0000000089b00000| PB 0x0000000089b00000| Untracked 
| 156|0x0000000089c00000, 0x0000000089c00000, 0x0000000089d00000|  0%| F|  |TAMS 0x0000000089c00000| PB 0x0000000089c00000| Untracked 
| 157|0x0000000089d00000, 0x0000000089d00000, 0x0000000089e00000|  0%| F|  |TAMS 0x0000000089d00000| PB 0x0000000089d00000| Untracked 
| 158|0x0000000089e00000, 0x0000000089e00000, 0x0000000089f00000|  0%| F|  |TAMS 0x0000000089e00000| PB 0x0000000089e00000| Untracked 
| 159|0x0000000089f00000, 0x0000000089f00000, 0x000000008a000000|  0%| F|  |TAMS 0x0000000089f00000| PB 0x0000000089f00000| Untracked 
| 160|0x000000008a000000, 0x000000008a000000, 0x000000008a100000|  0%| F|  |TAMS 0x000000008a000000| PB 0x000000008a000000| Untracked 
| 161|0x000000008a100000, 0x000000008a100000, 0x000000008a200000|  0%| F|  |TAMS 0x000000008a100000| PB 0x000000008a100000| Untracked 
| 162|0x000000008a200000, 0x000000008a200000, 0x000000008a300000|  0%| F|  |TAMS 0x000000008a200000| PB 0x000000008a200000| Untracked 
| 163|0x000000008a300000, 0x000000008a300000, 0x000000008a400000|  0%| F|  |TAMS 0x000000008a300000| PB 0x000000008a300000| Untracked 
| 164|0x000000008a400000, 0x000000008a400000, 0x000000008a500000|  0%| F|  |TAMS 0x000000008a400000| PB 0x000000008a400000| Untracked 
| 165|0x000000008a500000, 0x000000008a500000, 0x000000008a600000|  0%| F|  |TAMS 0x000000008a500000| PB 0x000000008a500000| Untracked 
| 166|0x000000008a600000, 0x000000008a600000, 0x000000008a700000|  0%| F|  |TAMS 0x000000008a600000| PB 0x000000008a600000| Untracked 
| 167|0x000000008a700000, 0x000000008a700000, 0x000000008a800000|  0%| F|  |TAMS 0x000000008a700000| PB 0x000000008a700000| Untracked 
| 168|0x000000008a800000, 0x000000008a800000, 0x000000008a900000|  0%| F|  |TAMS 0x000000008a800000| PB 0x000000008a800000| Untracked 
| 169|0x000000008a900000, 0x000000008a900000, 0x000000008aa00000|  0%| F|  |TAMS 0x000000008a900000| PB 0x000000008a900000| Untracked 
| 170|0x000000008aa00000, 0x000000008aa00000, 0x000000008ab00000|  0%| F|  |TAMS 0x000000008aa00000| PB 0x000000008aa00000| Untracked 
| 171|0x000000008ab00000, 0x000000008ab00000, 0x000000008ac00000|  0%| F|  |TAMS 0x000000008ab00000| PB 0x000000008ab00000| Untracked 
| 172|0x000000008ac00000, 0x000000008ac00000, 0x000000008ad00000|  0%| F|  |TAMS 0x000000008ac00000| PB 0x000000008ac00000| Untracked 
| 173|0x000000008ad00000, 0x000000008ad00000, 0x000000008ae00000|  0%| F|  |TAMS 0x000000008ad00000| PB 0x000000008ad00000| Untracked 
| 174|0x000000008ae00000, 0x000000008ae00000, 0x000000008af00000|  0%| F|  |TAMS 0x000000008ae00000| PB 0x000000008ae00000| Untracked 
| 175|0x000000008af00000, 0x000000008af00000, 0x000000008b000000|  0%| F|  |TAMS 0x000000008af00000| PB 0x000000008af00000| Untracked 
| 176|0x000000008b000000, 0x000000008b000000, 0x000000008b100000|  0%| F|  |TAMS 0x000000008b000000| PB 0x000000008b000000| Untracked 
| 177|0x000000008b100000, 0x000000008b100000, 0x000000008b200000|  0%| F|  |TAMS 0x000000008b100000| PB 0x000000008b100000| Untracked 
| 178|0x000000008b200000, 0x000000008b200000, 0x000000008b300000|  0%| F|  |TAMS 0x000000008b200000| PB 0x000000008b200000| Untracked 
| 179|0x000000008b300000, 0x000000008b300000, 0x000000008b400000|  0%| F|  |TAMS 0x000000008b300000| PB 0x000000008b300000| Untracked 
| 180|0x000000008b400000, 0x000000008b500000, 0x000000008b500000|100%| E|  |TAMS 0x000000008b400000| PB 0x000000008b400000| Complete 
| 181|0x000000008b500000, 0x000000008b600000, 0x000000008b600000|100%| E|CS|TAMS 0x000000008b500000| PB 0x000000008b500000| Complete 
| 182|0x000000008b600000, 0x000000008b700000, 0x000000008b700000|100%| E|CS|TAMS 0x000000008b600000| PB 0x000000008b600000| Complete 
| 183|0x000000008b700000, 0x000000008b800000, 0x000000008b800000|100%| E|CS|TAMS 0x000000008b700000| PB 0x000000008b700000| Complete 
| 184|0x000000008b800000, 0x000000008b900000, 0x000000008b900000|100%| E|CS|TAMS 0x000000008b800000| PB 0x000000008b800000| Complete 
| 185|0x000000008b900000, 0x000000008ba00000, 0x000000008ba00000|100%| E|CS|TAMS 0x000000008b900000| PB 0x000000008b900000| Complete 
|2039|0x00000000ff700000, 0x00000000ff800000, 0x00000000ff800000|100%| O|  |TAMS 0x00000000ff7dd540| PB 0x00000000ff7dd540| Updating 
|2040|0x00000000ff800000, 0x00000000ff900000, 0x00000000ff900000|100%| O|  |TAMS 0x00000000ff900000| PB 0x00000000ff900000| Updating 
|2041|0x00000000ff900000, 0x00000000ffa00000, 0x00000000ffa00000|100%| O|  |TAMS 0x00000000ffa00000| PB 0x00000000ffa00000| Untracked 
|2042|0x00000000ffa00000, 0x00000000ffb00000, 0x00000000ffb00000|100%| O|  |TAMS 0x00000000ffb00000| PB 0x00000000ffb00000| Untracked 
|2043|0x00000000ffb00000, 0x00000000ffc00000, 0x00000000ffc00000|100%| O|  |TAMS 0x00000000ffc00000| PB 0x00000000ffc00000| Untracked 
|2044|0x00000000ffc00000, 0x00000000ffd00000, 0x00000000ffd00000|100%| O|  |TAMS 0x00000000ffd00000| PB 0x00000000ffd00000| Untracked 
|2045|0x00000000ffd00000, 0x00000000ffe00000, 0x00000000ffe00000|100%| O|  |TAMS 0x00000000ffe00000| PB 0x00000000ffe00000| Untracked 
|2046|0x00000000ffe00000, 0x00000000fff00000, 0x00000000fff00000|100%| O|  |TAMS 0x00000000fff00000| PB 0x00000000fff00000| Untracked 
|2047|0x00000000fff00000, 0x0000000100000000, 0x0000000100000000|100%| E|CS|TAMS 0x00000000fff00000| PB 0x00000000fff00000| Complete 

Card table byte_map: [0x000001d15bc40000,0x000001d15c040000] _byte_map_base: 0x000001d15b840000

Marking Bits: (CMBitMap*) 0x000001d14317cdb0
 Bits: [0x000001d15c040000, 0x000001d15e040000)

Polling page: 0x000001d140ef0000

Metaspace:

Usage:
  Non-class:     91.43 MB used.
      Class:     15.18 MB used.
       Both:    106.61 MB used.

Virtual space:
  Non-class space:      128.00 MB reserved,      92.56 MB ( 72%) committed,  2 nodes.
      Class space:      416.00 MB reserved,      16.25 MB (  4%) committed,  1 nodes.
             Both:      544.00 MB reserved,     108.81 MB ( 20%) committed. 

Chunk freelists:
   Non-Class:  3.14 MB
       Class:  15.62 MB
        Both:  18.77 MB

MaxMetaspaceSize: 512.00 MB
CompressedClassSpaceSize: 416.00 MB
Initial GC threshold: 21.00 MB
Current GC threshold: 170.94 MB
CDS: on
 - commit_granule_bytes: 65536.
 - commit_granule_words: 8192.
 - virtual_space_node_default_size: 8388608.
 - enlarge_chunks_in_place: 1.
 - use_allocation_guard: 0.


Internal statistics:

num_allocs_failed_limit: 6.
num_arena_births: 4152.
num_arena_deaths: 0.
num_vsnodes_births: 3.
num_vsnodes_deaths: 0.
num_space_committed: 1739.
num_space_uncommitted: 0.
num_chunks_returned_to_freelist: 6.
num_chunks_taken_from_freelist: 9118.
num_chunk_merges: 6.
num_chunk_splits: 6064.
num_chunks_enlarged: 3883.
num_inconsistent_stats: 0.

CodeHeap 'non-profiled nmethods': size=128192Kb used=6288Kb max_used=6437Kb free=121903Kb
 bounds [0x000001d153b10000, 0x000001d154160000, 0x000001d15b840000]
CodeHeap 'profiled nmethods': size=128192Kb used=19143Kb max_used=19936Kb free=109048Kb
 bounds [0x000001d14b840000, 0x000001d14cbc0000, 0x000001d153570000]
CodeHeap 'non-nmethods': size=5760Kb used=2232Kb max_used=2254Kb free=3528Kb
 bounds [0x000001d153570000, 0x000001d1537e0000, 0x000001d153b10000]
CodeCache: size=262144Kb, used=27663Kb, max_used=28627Kb, free=234479Kb
 total_blobs=11311, nmethods=10433, adapters=782, full_count=0
Compilation: enabled, stopped_count=0, restarted_count=0

Compilation events (20 events):
Event: 130.120 Thread 0x000001d1605348e0 12715       1       org.jetbrains.kotlin.metadata.ProtoBuf$Class::getFqName (5 bytes)
Event: 130.120 Thread 0x000001d1605348e0 nmethod 12715 0x000001d154158990 code [0x000001d154158b20, 0x000001d154158be8]
Event: 130.120 Thread 0x000001d1605348e0 12717   !   3       sun.net.www.protocol.jar.JarURLConnection$JarURLInputStream::close (178 bytes)
Event: 130.121 Thread 0x000001d1605348e0 nmethod 12717 0x000001d14cbb4190 code [0x000001d14cbb44c0, 0x000001d14cbb5e78]
Event: 130.148 Thread 0x000001d1605267c0 12718       4       java.lang.StringConcatHelper::prepend (37 bytes)
Event: 130.150 Thread 0x000001d1605267c0 nmethod 12718 0x000001d154158c90 code [0x000001d154158e40, 0x000001d154159178]
Event: 130.230 Thread 0x000001d1605348e0 12719       3       org.jetbrains.kotlin.protobuf.CodedOutputStream::writeRawByte (7 bytes)
Event: 130.230 Thread 0x000001d1605348e0 nmethod 12719 0x000001d14cbb6710 code [0x000001d14cbb68c0, 0x000001d14cbb6a00]
Event: 130.231 Thread 0x000001d1605348e0 12720       3       org.jetbrains.kotlin.protobuf.CodedOutputStream::writeRawByte (43 bytes)
Event: 130.231 Thread 0x000001d1605348e0 nmethod 12720 0x000001d14cbb6a90 code [0x000001d14cbb6c40, 0x000001d14cbb6e08]
Event: 130.231 Thread 0x000001d1605348e0 12721       3       org.jetbrains.kotlin.protobuf.CodedOutputStream::computeRawVarint32Size (41 bytes)
Event: 130.231 Thread 0x000001d1605348e0 nmethod 12721 0x000001d14cbb6f10 code [0x000001d14cbb70e0, 0x000001d14cbb7360]
Event: 130.231 Thread 0x000001d1605348e0 12722       3       org.jetbrains.kotlin.protobuf.CodedOutputStream::writeRawVarint32 (33 bytes)
Event: 130.231 Thread 0x000001d1605348e0 nmethod 12722 0x000001d14cbb7410 code [0x000001d14cbb75e0, 0x000001d14cbb78c8]
Event: 130.261 Thread 0x000001d1605267c0 12723       4       java.lang.invoke.MethodHandleNatives::canBeCalledVirtual (49 bytes)
Event: 130.263 Thread 0x000001d1605267c0 nmethod 12723 0x000001d154159310 code [0x000001d1541594a0, 0x000001d154159688]
Event: 130.264 Thread 0x000001d1605348e0 12724       3       jdk.internal.jrtfs.JrtPath::<init> (23 bytes)
Event: 130.264 Thread 0x000001d1605348e0 nmethod 12724 0x000001d14cbb7a10 code [0x000001d14cbb7be0, 0x000001d14cbb7ea8]
Event: 130.265 Thread 0x000001d1605348e0 12725       3       org.jetbrains.kotlin.com.intellij.openapi.util.text.StringUtilRt::toLowerCase (33 bytes)
Event: 130.265 Thread 0x000001d1605348e0 nmethod 12725 0x000001d14cbb7f90 code [0x000001d14cbb8160, 0x000001d14cbb84f8]

GC Heap History (20 events):
Event: 110.420 GC heap before
{Heap before GC invocations=39 (full 0):
 garbage-first heap   total 140288K, used 124715K [0x0000000080000000, 0x0000000100000000)
  region size 1024K, 28 young (28672K), 2 survivors (2048K)
 Metaspace       used 80718K, committed 82944K, reserved 557056K
  class space    used 11508K, committed 12608K, reserved 425984K
}
Event: 110.430 GC heap after
{Heap after GC invocations=40 (full 0):
 garbage-first heap   total 140288K, used 101311K [0x0000000080000000, 0x0000000100000000)
  region size 1024K, 4 young (4096K), 4 survivors (4096K)
 Metaspace       used 80718K, committed 82944K, reserved 557056K
  class space    used 11508K, committed 12608K, reserved 425984K
}
Event: 112.567 GC heap before
{Heap before GC invocations=41 (full 0):
 garbage-first heap   total 178176K, used 133055K [0x0000000080000000, 0x0000000100000000)
  region size 1024K, 31 young (31744K), 4 survivors (4096K)
 Metaspace       used 81963K, committed 84160K, reserved 557056K
  class space    used 11686K, committed 12800K, reserved 425984K
}
Event: 112.583 GC heap after
{Heap after GC invocations=42 (full 0):
 garbage-first heap   total 178176K, used 105303K [0x0000000080000000, 0x0000000100000000)
  region size 1024K, 4 young (4096K), 4 survivors (4096K)
 Metaspace       used 81963K, committed 84160K, reserved 557056K
  class space    used 11686K, committed 12800K, reserved 425984K
}
Event: 116.489 GC heap before
{Heap before GC invocations=42 (full 0):
 garbage-first heap   total 178176K, used 148311K [0x0000000080000000, 0x0000000100000000)
  region size 1024K, 47 young (48128K), 4 survivors (4096K)
 Metaspace       used 85205K, committed 87360K, reserved 557056K
  class space    used 12110K, committed 13184K, reserved 425984K
}
Event: 116.497 GC heap after
{Heap after GC invocations=43 (full 0):
 garbage-first heap   total 178176K, used 105095K [0x0000000080000000, 0x0000000100000000)
  region size 1024K, 3 young (3072K), 3 survivors (3072K)
 Metaspace       used 85205K, committed 87360K, reserved 557056K
  class space    used 12110K, committed 13184K, reserved 425984K
}
Event: 117.505 GC heap before
{Heap before GC invocations=43 (full 0):
 garbage-first heap   total 178176K, used 151175K [0x0000000080000000, 0x0000000100000000)
  region size 1024K, 48 young (49152K), 3 survivors (3072K)
 Metaspace       used 88955K, committed 91200K, reserved 557056K
  class space    used 12606K, committed 13696K, reserved 425984K
}
Event: 117.512 GC heap after
{Heap after GC invocations=44 (full 0):
 garbage-first heap   total 178176K, used 106798K [0x0000000080000000, 0x0000000100000000)
  region size 1024K, 4 young (4096K), 4 survivors (4096K)
 Metaspace       used 88955K, committed 91200K, reserved 557056K
  class space    used 12606K, committed 13696K, reserved 425984K
}
Event: 121.373 GC heap before
{Heap before GC invocations=45 (full 0):
 garbage-first heap   total 179200K, used 154926K [0x0000000080000000, 0x0000000100000000)
  region size 1024K, 51 young (52224K), 4 survivors (4096K)
 Metaspace       used 90479K, committed 92800K, reserved 557056K
  class space    used 12817K, committed 13952K, reserved 425984K
}
Event: 121.399 GC heap after
{Heap after GC invocations=46 (full 0):
 garbage-first heap   total 179200K, used 112383K [0x0000000080000000, 0x0000000100000000)
  region size 1024K, 7 young (7168K), 7 survivors (7168K)
 Metaspace       used 90479K, committed 92800K, reserved 557056K
  class space    used 12817K, committed 13952K, reserved 425984K
}
Event: 126.023 GC heap before
{Heap before GC invocations=46 (full 0):
 garbage-first heap   total 179200K, used 158463K [0x0000000080000000, 0x0000000100000000)
  region size 1024K, 52 young (53248K), 7 survivors (7168K)
 Metaspace       used 94747K, committed 97024K, reserved 557056K
  class space    used 13367K, committed 14464K, reserved 425984K
}
Event: 126.036 GC heap after
{Heap after GC invocations=47 (full 0):
 garbage-first heap   total 179200K, used 113452K [0x0000000080000000, 0x0000000100000000)
  region size 1024K, 4 young (4096K), 4 survivors (4096K)
 Metaspace       used 94747K, committed 97024K, reserved 557056K
  class space    used 13367K, committed 14464K, reserved 425984K
}
Event: 127.219 GC heap before
{Heap before GC invocations=47 (full 0):
 garbage-first heap   total 179200K, used 160556K [0x0000000080000000, 0x0000000100000000)
  region size 1024K, 50 young (51200K), 4 survivors (4096K)
 Metaspace       used 101194K, committed 103488K, reserved 557056K
  class space    used 14132K, committed 15232K, reserved 425984K
}
Event: 127.226 GC heap after
{Heap after GC invocations=48 (full 0):
 garbage-first heap   total 179200K, used 114629K [0x0000000080000000, 0x0000000100000000)
  region size 1024K, 5 young (5120K), 5 survivors (5120K)
 Metaspace       used 101194K, committed 103488K, reserved 557056K
  class space    used 14132K, committed 15232K, reserved 425984K
}
Event: 128.670 GC heap before
{Heap before GC invocations=49 (full 0):
 garbage-first heap   total 191488K, used 169925K [0x0000000080000000, 0x0000000100000000)
  region size 1024K, 52 young (53248K), 5 survivors (5120K)
 Metaspace       used 105140K, committed 107520K, reserved 557056K
  class space    used 15082K, committed 16192K, reserved 425984K
}
Event: 128.703 GC heap after
{Heap after GC invocations=50 (full 0):
 garbage-first heap   total 191488K, used 128764K [0x0000000080000000, 0x0000000100000000)
  region size 1024K, 7 young (7168K), 7 survivors (7168K)
 Metaspace       used 105140K, committed 107520K, reserved 557056K
  class space    used 15082K, committed 16192K, reserved 425984K
}
Event: 129.323 GC heap before
{Heap before GC invocations=50 (full 0):
 garbage-first heap   total 191488K, used 173820K [0x0000000080000000, 0x0000000100000000)
  region size 1024K, 51 young (52224K), 7 survivors (7168K)
 Metaspace       used 105282K, committed 107648K, reserved 557056K
  class space    used 15087K, committed 16192K, reserved 425984K
}
Event: 129.360 GC heap after
{Heap after GC invocations=51 (full 0):
 garbage-first heap   total 199680K, used 136053K [0x0000000080000000, 0x0000000100000000)
  region size 1024K, 7 young (7168K), 7 survivors (7168K)
 Metaspace       used 105282K, committed 107648K, reserved 557056K
  class space    used 15087K, committed 16192K, reserved 425984K
}
Event: 130.001 GC heap before
{Heap before GC invocations=51 (full 0):
 garbage-first heap   total 199680K, used 175989K [0x0000000080000000, 0x0000000100000000)
  region size 1024K, 46 young (47104K), 7 survivors (7168K)
 Metaspace       used 108481K, committed 110784K, reserved 557056K
  class space    used 15472K, committed 16576K, reserved 425984K
}
Event: 130.014 GC heap after
{Heap after GC invocations=52 (full 0):
 garbage-first heap   total 199680K, used 142157K [0x0000000080000000, 0x0000000100000000)
  region size 1024K, 6 young (6144K), 6 survivors (6144K)
 Metaspace       used 108481K, committed 110784K, reserved 557056K
  class space    used 15472K, committed 16576K, reserved 425984K
}

Dll operation events (15 events):
Event: 0.042 Loaded shared library C:\Program Files\Eclipse Adoptium\jdk-21.0.11.10-hotspot\bin\java.dll
Event: 0.164 Loaded shared library C:\Program Files\Eclipse Adoptium\jdk-21.0.11.10-hotspot\bin\jsvml.dll
Event: 0.239 Loaded shared library C:\Program Files\Eclipse Adoptium\jdk-21.0.11.10-hotspot\bin\zip.dll
Event: 0.265 Loaded shared library C:\Program Files\Eclipse Adoptium\jdk-21.0.11.10-hotspot\bin\instrument.dll
Event: 0.284 Loaded shared library C:\Program Files\Eclipse Adoptium\jdk-21.0.11.10-hotspot\bin\net.dll
Event: 0.290 Loaded shared library C:\Program Files\Eclipse Adoptium\jdk-21.0.11.10-hotspot\bin\nio.dll
Event: 0.297 Loaded shared library C:\Program Files\Eclipse Adoptium\jdk-21.0.11.10-hotspot\bin\zip.dll
Event: 1.102 Loaded shared library C:\Program Files\Eclipse Adoptium\jdk-21.0.11.10-hotspot\bin\jimage.dll
Event: 1.818 Loaded shared library C:\Program Files\Eclipse Adoptium\jdk-21.0.11.10-hotspot\bin\verify.dll
Event: 2.024 Loaded shared library C:\Users\prana\.gradle\native\1def1411415f61bf3af743bc5b6707747c0891f09f0c88961ee8f79bc544acac\windows-amd64\native-platform.dll
Event: 2.112 Loaded shared library C:\Users\prana\.gradle\native\0.2.7\x86_64-windows-gnu\gradle-fileevents.dll
Event: 10.975 Loaded shared library C:\Program Files\Eclipse Adoptium\jdk-21.0.11.10-hotspot\bin\management.dll
Event: 11.061 Loaded shared library C:\Program Files\Eclipse Adoptium\jdk-21.0.11.10-hotspot\bin\management_ext.dll
Event: 11.898 Loaded shared library C:\Program Files\Eclipse Adoptium\jdk-21.0.11.10-hotspot\bin\extnet.dll
Event: 13.068 Loaded shared library C:\Program Files\Eclipse Adoptium\jdk-21.0.11.10-hotspot\bin\sunmscapi.dll

Deoptimization events (20 events):
Event: 129.312 Thread 0x000001d1012f8ad0 DEOPT PACKING pc=0x000001d14bf3b7ab sp=0x0000003144df2fc0
Event: 129.312 Thread 0x000001d1012f8ad0 DEOPT UNPACKING pc=0x000001d1535c86e2 sp=0x0000003144df2510 mode 0
Event: 129.375 Thread 0x000001d1012f8ad0 DEOPT PACKING pc=0x000001d14c865a77 sp=0x0000003144df31e0
Event: 129.375 Thread 0x000001d1012f8ad0 DEOPT UNPACKING pc=0x000001d1535c86e2 sp=0x0000003144df2730 mode 0
Event: 129.393 Thread 0x000001d1012f8ad0 DEOPT PACKING pc=0x000001d14c865a77 sp=0x0000003144df31e0
Event: 129.393 Thread 0x000001d1012f8ad0 DEOPT UNPACKING pc=0x000001d1535c86e2 sp=0x0000003144df2730 mode 0
Event: 129.419 Thread 0x000001d1012f8ad0 DEOPT PACKING pc=0x000001d14c865a77 sp=0x0000003144df31e0
Event: 129.419 Thread 0x000001d1012f8ad0 DEOPT UNPACKING pc=0x000001d1535c86e2 sp=0x0000003144df2730 mode 0
Event: 129.422 Thread 0x000001d1012f8ad0 Uncommon trap: trap_request=0xffffffe4 fr.pc=0x000001d154131fc8 relative=0x0000000000000d68
Event: 129.422 Thread 0x000001d1012f8ad0 Uncommon trap: reason=range_check action=make_not_entrant pc=0x000001d154131fc8 method=java.util.zip.ZipUtils.get16([BI)I @ 11 c2
Event: 129.422 Thread 0x000001d1012f8ad0 DEOPT PACKING pc=0x000001d154131fc8 sp=0x0000003144df2e50
Event: 129.422 Thread 0x000001d1012f8ad0 DEOPT UNPACKING pc=0x000001d1535c7ba2 sp=0x0000003144df2d80 mode 2
Event: 129.452 Thread 0x000001d1012f8ad0 Uncommon trap: trap_request=0xffffffbe fr.pc=0x000001d153b9e0bc relative=0x00000000000002dc
Event: 129.452 Thread 0x000001d1012f8ad0 Uncommon trap: reason=profile_predicate action=maybe_recompile pc=0x000001d153b9e0bc method=java.util.regex.Pattern$BnM.optimize(Ljava/util/regex/Pattern$Node;)Ljava/util/regex/Pattern$Node; @ 67 c2
Event: 129.452 Thread 0x000001d1012f8ad0 DEOPT PACKING pc=0x000001d153b9e0bc sp=0x0000003144df2790
Event: 129.452 Thread 0x000001d1012f8ad0 DEOPT UNPACKING pc=0x000001d1535c7ba2 sp=0x0000003144df2738 mode 2
Event: 129.453 Thread 0x000001d1012f8ad0 Uncommon trap: trap_request=0xffffff45 fr.pc=0x000001d1540d4514 relative=0x0000000000000a14
Event: 129.453 Thread 0x000001d1012f8ad0 Uncommon trap: reason=unstable_if action=reinterpret pc=0x000001d1540d4514 method=java.util.regex.Pattern.atom()Ljava/util/regex/Pattern$Node; @ 14 c2
Event: 129.453 Thread 0x000001d1012f8ad0 DEOPT PACKING pc=0x000001d1540d4514 sp=0x0000003144df1c10
Event: 129.453 Thread 0x000001d1012f8ad0 DEOPT UNPACKING pc=0x000001d1535c7ba2 sp=0x0000003144df1bb8 mode 2

Classes loaded (20 events):
Event: 127.089 Loading class java/nio/charset/IllegalCharsetNameException
Event: 127.089 Loading class java/nio/charset/IllegalCharsetNameException done
Event: 127.089 Loading class java/nio/charset/UnsupportedCharsetException
Event: 127.090 Loading class java/nio/charset/UnsupportedCharsetException done
Event: 127.090 Loading class sun/nio/cs/UTF_32BE
Event: 127.090 Loading class sun/nio/cs/UTF_32BE done
Event: 127.090 Loading class sun/nio/cs/UTF_32LE
Event: 127.091 Loading class sun/nio/cs/UTF_32LE done
Event: 127.091 Loading class sun/nio/cs/MS1251
Event: 127.091 Loading class sun/nio/cs/MS1251 done
Event: 127.954 Loading class java/beans/PropertyChangeSupport
Event: 127.955 Loading class java/beans/PropertyChangeSupport done
Event: 127.955 Loading class java/beans/PropertyChangeSupport$PropertyChangeListenerMap
Event: 127.955 Loading class java/beans/ChangeListenerMap
Event: 127.955 Loading class java/beans/ChangeListenerMap done
Event: 127.955 Loading class java/beans/PropertyChangeSupport$PropertyChangeListenerMap done
Event: 128.019 Loading class java/util/zip/ZipFile$ZipEntryIterator
Event: 128.019 Loading class java/util/zip/ZipFile$ZipEntryIterator done
Event: 129.452 Loading class java/util/regex/Pattern$Bound
Event: 129.453 Loading class java/util/regex/Pattern$Bound done

Classes unloaded (0 events):
No events

Classes redefined (0 events):
No events

Internal exceptions (20 events):
Event: 125.597 Thread 0x000001d1012f8ad0 Exception <a 'java/lang/NoSuchMethodError'{0x0000000088f765b8}: 'java.lang.Object java.lang.invoke.DirectMethodHandle$Holder.invokeStaticInit(java.lang.Object, int)'> (0x0000000088f765b8) 
thrown [s\src\hotspot\share\interpreter\linkResolver.cpp, line 773]
Event: 125.736 Thread 0x000001d1012f8ad0 Exception <a 'java/lang/NoSuchMethodError'{0x0000000088df6968}: 'long java.lang.invoke.DirectMethodHandle$Holder.invokeStatic(java.lang.Object)'> (0x0000000088df6968) 
thrown [s\src\hotspot\share\interpreter\linkResolver.cpp, line 773]
Event: 125.737 Thread 0x000001d1012f8ad0 Exception <a 'java/lang/NoSuchMethodError'{0x0000000088dfb7a8}: 'long java.lang.invoke.DirectMethodHandle$Holder.invokeStaticInit(java.lang.Object)'> (0x0000000088dfb7a8) 
thrown [s\src\hotspot\share\interpreter\linkResolver.cpp, line 773]
Event: 125.895 Thread 0x000001d1012f8ad0 Exception <a 'java/lang/NoSuchMethodError'{0x000000008864b7f0}: 'void java.lang.invoke.DelegatingMethodHandle$Holder.reinvoke_L(java.lang.Object, java.lang.Object, java.lang.Object, long, java.lang.Object)'> (0x000000008864b7f0) 
thrown [s\src\hotspot\share\interpreter\linkResolver.cpp, line 773]
Event: 125.895 Thread 0x000001d1012f8ad0 Exception <a 'java/lang/NoSuchMethodError'{0x0000000088653f50}: 'java.lang.Object java.lang.invoke.DirectMethodHandle$Holder.invokeSpecial(java.lang.Object, java.lang.Object, java.lang.Object, java.lang.Object, long)'> (0x0000000088653f50) 
thrown [s\src\hotspot\share\interpreter\linkResolver.cpp, line 773]
Event: 125.896 Thread 0x000001d1012f8ad0 Exception <a 'java/lang/NoSuchMethodError'{0x0000000088664110}: 'int java.lang.invoke.DelegatingMethodHandle$Holder.reinvoke_L(java.lang.Object, java.lang.Object, java.lang.Object, long, java.lang.Object, java.lang.Object)'> (0x0000000088664110) 
thrown [s\src\hotspot\share\interpreter\linkResolver.cpp, line 773]
Event: 125.897 Thread 0x000001d1012f8ad0 Exception <a 'java/lang/NoSuchMethodError'{0x0000000088673be0}: 'int java.lang.invoke.DelegatingMethodHandle$Holder.reinvoke_L(java.lang.Object, java.lang.Object, java.lang.Object, long, int, int)'> (0x0000000088673be0) 
thrown [s\src\hotspot\share\interpreter\linkResolver.cpp, line 773]
Event: 125.898 Thread 0x000001d1012f8ad0 Exception <a 'java/lang/NoSuchMethodError'{0x00000000886836a8}: 'int java.lang.invoke.DelegatingMethodHandle$Holder.reinvoke_L(java.lang.Object, java.lang.Object, java.lang.Object, long, long, long)'> (0x00000000886836a8) 
thrown [s\src\hotspot\share\interpreter\linkResolver.cpp, line 773]
Event: 125.900 Thread 0x000001d1012f8ad0 Exception <a 'java/lang/NoSuchMethodError'{0x0000000088692bd0}: 'int java.lang.invoke.DelegatingMethodHandle$Holder.reinvoke_L(java.lang.Object, java.lang.Object, java.lang.Object, long, int)'> (0x0000000088692bd0) 
thrown [s\src\hotspot\share\interpreter\linkResolver.cpp, line 773]
Event: 125.901 Thread 0x000001d1012f8ad0 Exception <a 'java/lang/NoSuchMethodError'{0x00000000886a9570}: 'void java.lang.invoke.DelegatingMethodHandle$Holder.reinvoke_L(java.lang.Object, java.lang.Object, java.lang.Object, long, java.lang.Object, long, long)'> (0x00000000886a9570) 
thrown [s\src\hotspot\share\interpreter\linkResolver.cpp, line 773]
Event: 125.901 Thread 0x000001d1012f8ad0 Exception <a 'java/lang/NoSuchMethodError'{0x00000000886b1958}: 'long java.lang.invoke.Invokers$Holder.invokeExact_MT(java.lang.Object, java.lang.Object, java.lang.Object)'> (0x00000000886b1958) 
thrown [s\src\hotspot\share\interpreter\linkResolver.cpp, line 773]
Event: 125.902 Thread 0x000001d1012f8ad0 Exception <a 'java/lang/NoSuchMethodError'{0x00000000886b6c50}: 'int java.lang.invoke.Invokers$Holder.invokeExact_MT(java.lang.Object, java.lang.Object, java.lang.Object)'> (0x00000000886b6c50) 
thrown [s\src\hotspot\share\interpreter\linkResolver.cpp, line 773]
Event: 126.828 Thread 0x000001d1012f8ad0 Exception <a 'java/lang/NoSuchMethodError'{0x0000000088f17108}: 'java.lang.Object java.lang.invoke.DirectMethodHandle$Holder.invokeStatic(java.lang.Object, java.lang.Object, java.lang.Object, java.lang.Object, int, java.lang.Object)'> (0x0000000088f17108) 
thrown [s\src\hotspot\share\interpreter\linkResolver.cpp, line 773]
Event: 126.870 Thread 0x000001d1012f8ad0 Exception <a 'java/lang/NoSuchMethodError'{0x0000000088e14230}: 'long java.lang.invoke.DirectMethodHandle$Holder.invokeStatic(java.lang.Object, java.lang.Object, int)'> (0x0000000088e14230) 
thrown [s\src\hotspot\share\interpreter\linkResolver.cpp, line 773]
Event: 126.871 Thread 0x000001d1012f8ad0 Exception <a 'java/lang/NoSuchMethodError'{0x0000000088e20ba8}: 'java.lang.Object java.lang.invoke.DelegatingMethodHandle$Holder.reinvoke_L(java.lang.Object, int, long, java.lang.Object, java.lang.Object, int, java.lang.Object)'> (0x0000000088e20ba8) 
thrown [s\src\hotspot\share\interpreter\linkResolver.cpp, line 773]
Event: 127.797 Thread 0x000001d1012f8ad0 Exception <a 'java/lang/NoSuchMethodError'{0x000000008b0652e0}: 'java.lang.Object java.lang.invoke.Invokers$Holder.invokeExact_MT(java.lang.Object, java.lang.Object, long, java.lang.Object)'> (0x000000008b0652e0) 
thrown [s\src\hotspot\share\interpreter\linkResolver.cpp, line 773]
Event: 127.803 Thread 0x000001d1012f8ad0 Exception <a 'java/lang/NoSuchMethodError'{0x000000008b07a540}: 'void java.lang.invoke.Invokers$Holder.invokeExact_MT(java.lang.Object, java.lang.Object, long, java.lang.Object, java.lang.Object)'> (0x000000008b07a540) 
thrown [s\src\hotspot\share\interpreter\linkResolver.cpp, line 773]
Event: 128.019 Thread 0x000001d1012f8ad0 Implicit null exception at 0x000001d153de18e6 to 0x000001d153de249c
Event: 129.010 Thread 0x000001d1012f8ad0 Implicit null exception at 0x000001d15411a2d8 to 0x000001d15411c380
Event: 129.010 Thread 0x000001d1012f8ad0 Implicit null exception at 0x000001d154118f27 to 0x000001d154119594

ZGC Phase Switch (0 events):
No events

VM Operations (20 events):
Event: 126.912 Executing non-safepoint VM operation: HandshakeAllThreads (Deoptimize) done
Event: 127.219 Executing safepoint VM operation: G1CollectForAllocation (G1 Evacuation Pause)
Event: 127.226 Executing safepoint VM operation: G1CollectForAllocation (G1 Evacuation Pause) done
Event: 127.419 Executing safepoint VM operation: G1PauseRemark
Event: 127.427 Executing safepoint VM operation: G1PauseRemark done
Event: 127.507 Executing safepoint VM operation: G1PauseCleanup
Event: 127.507 Executing safepoint VM operation: G1PauseCleanup done
Event: 127.534 Executing non-safepoint VM operation: HandshakeAllThreads (Deoptimize)
Event: 127.534 Executing non-safepoint VM operation: HandshakeAllThreads (Deoptimize) done
Event: 127.931 Executing non-safepoint VM operation: HandshakeAllThreads (Deoptimize)
Event: 127.931 Executing non-safepoint VM operation: HandshakeAllThreads (Deoptimize) done
Event: 128.670 Executing safepoint VM operation: G1CollectForAllocation (G1 Evacuation Pause)
Event: 128.703 Executing safepoint VM operation: G1CollectForAllocation (G1 Evacuation Pause) done
Event: 128.749 Executing non-safepoint VM operation: HandshakeAllThreads (Deoptimize)
Event: 128.749 Executing non-safepoint VM operation: HandshakeAllThreads (Deoptimize) done
Event: 129.323 Executing safepoint VM operation: G1CollectForAllocation (G1 Evacuation Pause)
Event: 129.360 Executing safepoint VM operation: G1CollectForAllocation (G1 Evacuation Pause) done
Event: 130.001 Executing safepoint VM operation: G1CollectForAllocation (G1 Evacuation Pause)
Event: 130.014 Executing safepoint VM operation: G1CollectForAllocation (G1 Evacuation Pause) done
Event: 130.271 Executing safepoint VM operation: G1PauseRemark

Memory protections (0 events):
No events

Nmethod flushes (20 events):
Event: 130.279 Thread 0x000001d1604f7a50 flushing  nmethod 0x000001d14bdbab10
Event: 130.279 Thread 0x000001d1604f7a50 flushing  nmethod 0x000001d14be8ee90
Event: 130.279 Thread 0x000001d1604f7a50 flushing  nmethod 0x000001d14bf11690
Event: 130.279 Thread 0x000001d1604f7a50 flushing  nmethod 0x000001d14bf94910
Event: 130.279 Thread 0x000001d1604f7a50 flushing  nmethod 0x000001d14bf97a10
Event: 130.279 Thread 0x000001d1604f7a50 flushing  nmethod 0x000001d14bfe7b10
Event: 130.279 Thread 0x000001d1604f7a50 flushing  nmethod 0x000001d14c0d5910
Event: 130.279 Thread 0x000001d1604f7a50 flushing  nmethod 0x000001d14c1efb90
Event: 130.279 Thread 0x000001d1604f7a50 flushing  nmethod 0x000001d14c1f2a90
Event: 130.279 Thread 0x000001d1604f7a50 flushing  nmethod 0x000001d14c294b10
Event: 130.279 Thread 0x000001d1604f7a50 flushing  nmethod 0x000001d14c35c190
Event: 130.279 Thread 0x000001d1604f7a50 flushing  nmethod 0x000001d14c35d110
Event: 130.279 Thread 0x000001d1604f7a50 flushing  nmethod 0x000001d14c420090
Event: 130.279 Thread 0x000001d1604f7a50 flushing  nmethod 0x000001d14c47ab10
Event: 130.279 Thread 0x000001d1604f7a50 flushing  nmethod 0x000001d14c4aef10
Event: 130.279 Thread 0x000001d1604f7a50 flushing  nmethod 0x000001d14c4afa10
Event: 130.279 Thread 0x000001d1604f7a50 flushing  nmethod 0x000001d14c548f90
Event: 130.279 Thread 0x000001d1604f7a50 flushing  nmethod 0x000001d14c5ee190
Event: 130.279 Thread 0x000001d1604f7a50 flushing  nmethod 0x000001d14c62ca90
Event: 130.279 Thread 0x000001d1604f7a50 flushing  nmethod 0x000001d14cb19d10

Events (20 events):
Event: 90.640 Thread 0x000001d103c8f620 Thread added: 0x000001d103c944e0
Event: 90.640 Thread 0x000001d103c8f620 Thread added: 0x000001d103c95200
Event: 92.040 Thread 0x000001d1012f8ad0 Thread added: 0x000001d1038a7d40
Event: 92.040 Thread 0x000001d1012f8ad0 Thread added: 0x000001d1038a83d0
Event: 92.040 Thread 0x000001d1012f8ad0 Thread added: 0x000001d10249f7b0
Event: 92.486 Thread 0x000001d1012f8ad0 Thread added: 0x000001d10249fe40
Event: 92.487 Thread 0x000001d1012f8ad0 Thread added: 0x000001d1024a11f0
Event: 92.523 Thread 0x000001d1012f8ad0 Thread added: 0x000001d1024a1880
Event: 97.817 Thread 0x000001d1012f8ad0 Thread added: 0x000001d1024a04d0
Event: 97.818 Thread 0x000001d1012f8ad0 Thread added: 0x000001d10249f120
Event: 97.818 Thread 0x000001d1012f8ad0 Thread added: 0x000001d1024a0b60
Event: 102.863 Thread 0x000001d1605348e0 Thread added: 0x000001d102053270
Event: 103.039 Thread 0x000001d102053270 Thread exited: 0x000001d102053270
Event: 110.219 Thread 0x000001d1605348e0 Thread added: 0x000001d104a2cd40
Event: 110.722 Thread 0x000001d104a2cd40 Thread exited: 0x000001d104a2cd40
Event: 116.759 Thread 0x000001d1012f8ad0 Thread added: 0x000001d1024a2c30
Event: 127.892 Thread 0x000001d1605267c0 Thread added: 0x000001d103745810
Event: 128.035 Thread 0x000001d103745810 Thread exited: 0x000001d103745810
Event: 128.264 Thread 0x000001d1605267c0 Thread added: 0x000001d103745810
Event: 129.952 Thread 0x000001d103745810 Thread exited: 0x000001d103745810


Dynamic libraries:
0x00007ff678270000 - 0x00007ff67827e000 	C:\Program Files\Eclipse Adoptium\jdk-21.0.11.10-hotspot\bin\java.exe
0x00007ff92d600000 - 0x00007ff92d866000 	C:\WINDOWS\SYSTEM32\ntdll.dll
0x00007ff92b5e0000 - 0x00007ff92b6a9000 	C:\WINDOWS\System32\KERNEL32.DLL
0x00007ff92ae90000 - 0x00007ff92b28a000 	C:\WINDOWS\System32\KERNELBASE.dll
0x00007ff92a9c0000 - 0x00007ff92ab0c000 	C:\WINDOWS\System32\ucrtbase.dll
0x00007ff8f9ca0000 - 0x00007ff8f9cbe000 	C:\Program Files\Eclipse Adoptium\jdk-21.0.11.10-hotspot\bin\VCRUNTIME140.dll
0x00007ff8feb50000 - 0x00007ff8feb68000 	C:\Program Files\Eclipse Adoptium\jdk-21.0.11.10-hotspot\bin\jli.dll
0x00007ff92bd80000 - 0x00007ff92bf47000 	C:\WINDOWS\System32\USER32.dll
0x00007ff92b290000 - 0x00007ff92b2b7000 	C:\WINDOWS\System32\win32u.dll
0x00007ff92d550000 - 0x00007ff92d57b000 	C:\WINDOWS\System32\GDI32.dll
0x00007ff92a890000 - 0x00007ff92a9bb000 	C:\WINDOWS\System32\gdi32full.dll
0x00007ff92b2c0000 - 0x00007ff92b363000 	C:\WINDOWS\System32\msvcp_win.dll
0x00007ff90b050000 - 0x00007ff90b2e2000 	C:\WINDOWS\WinSxS\amd64_microsoft.windows.common-controls_6595b64144ccf1df_6.0.26100.8521_none_3e08b75ce33403b3\COMCTL32.dll
0x00007ff92baf0000 - 0x00007ff92bb99000 	C:\WINDOWS\System32\msvcrt.dll
0x00007ff92d580000 - 0x00007ff92d5b2000 	C:\WINDOWS\System32\IMM32.DLL
0x00007ff901b70000 - 0x00007ff901b7c000 	C:\Program Files\Eclipse Adoptium\jdk-21.0.11.10-hotspot\bin\vcruntime140_1.dll
0x00007ff8eb2b0000 - 0x00007ff8eb33d000 	C:\Program Files\Eclipse Adoptium\jdk-21.0.11.10-hotspot\bin\msvcp140.dll
0x00007ff868c40000 - 0x00007ff8699e2000 	C:\Program Files\Eclipse Adoptium\jdk-21.0.11.10-hotspot\bin\server\jvm.dll
0x00007ff92cce0000 - 0x00007ff92cd96000 	C:\WINDOWS\System32\ADVAPI32.dll
0x00007ff92c650000 - 0x00007ff92c6fa000 	C:\WINDOWS\System32\sechost.dll
0x00007ff92b460000 - 0x00007ff92b578000 	C:\WINDOWS\System32\RPCRT4.dll
0x00007ff92bf50000 - 0x00007ff92bfd0000 	C:\WINDOWS\System32\WS2_32.dll
0x00007ff92a710000 - 0x00007ff92a76e000 	C:\WINDOWS\SYSTEM32\POWRPROF.dll
0x00007ff91fc50000 - 0x00007ff91fc86000 	C:\WINDOWS\SYSTEM32\WINMM.dll
0x00007ff917b60000 - 0x00007ff917b6b000 	C:\WINDOWS\SYSTEM32\VERSION.dll
0x00007ff92a6f0000 - 0x00007ff92a704000 	C:\WINDOWS\SYSTEM32\UMPDC.dll
0x00007ff9295e0000 - 0x00007ff9295fb000 	C:\WINDOWS\SYSTEM32\kernel.appcore.dll
0x00007ff901680000 - 0x00007ff90168a000 	C:\Program Files\Eclipse Adoptium\jdk-21.0.11.10-hotspot\bin\jimage.dll
0x00007ff927f40000 - 0x00007ff928182000 	C:\WINDOWS\SYSTEM32\DBGHELP.DLL
0x00007ff92c850000 - 0x00007ff92cbd3000 	C:\WINDOWS\System32\combase.dll
0x00007ff92b370000 - 0x00007ff92b449000 	C:\WINDOWS\System32\OLEAUT32.dll
0x00007ff90dae0000 - 0x00007ff90db1b000 	C:\WINDOWS\SYSTEM32\dbgcore.DLL
0x00007ff92ab10000 - 0x00007ff92abb8000 	C:\WINDOWS\System32\bcryptPrimitives.dll
0x00007ff900750000 - 0x00007ff90075f000 	C:\Program Files\Eclipse Adoptium\jdk-21.0.11.10-hotspot\bin\instrument.dll
0x00007ff8f9160000 - 0x00007ff8f9180000 	C:\Program Files\Eclipse Adoptium\jdk-21.0.11.10-hotspot\bin\java.dll
0x00007ff92cda0000 - 0x00007ff92d524000 	C:\WINDOWS\System32\SHELL32.dll
0x00007ff928410000 - 0x00007ff928c90000 	C:\WINDOWS\SYSTEM32\windows.storage.dll
0x00007ff92cbe0000 - 0x00007ff92ccd6000 	C:\WINDOWS\System32\SHCORE.dll
0x00007ff92c700000 - 0x00007ff92c767000 	C:\WINDOWS\System32\shlwapi.dll
0x00007ff92a7b0000 - 0x00007ff92a7d9000 	C:\WINDOWS\SYSTEM32\profapi.dll
0x00007ff8ea740000 - 0x00007ff8ea817000 	C:\Program Files\Eclipse Adoptium\jdk-21.0.11.10-hotspot\bin\jsvml.dll
0x00007ff8eb890000 - 0x00007ff8eb8a8000 	C:\Program Files\Eclipse Adoptium\jdk-21.0.11.10-hotspot\bin\zip.dll
0x00007ff901330000 - 0x00007ff901340000 	C:\Program Files\Eclipse Adoptium\jdk-21.0.11.10-hotspot\bin\net.dll
0x00007ff919840000 - 0x00007ff919969000 	C:\WINDOWS\SYSTEM32\WINHTTP.dll
0x00007ff929b30000 - 0x00007ff929b9c000 	C:\WINDOWS\system32\mswsock.dll
0x00007ff8f2d00000 - 0x00007ff8f2d16000 	C:\Program Files\Eclipse Adoptium\jdk-21.0.11.10-hotspot\bin\nio.dll
0x00007ff9010f0000 - 0x00007ff901100000 	C:\Program Files\Eclipse Adoptium\jdk-21.0.11.10-hotspot\bin\verify.dll
0x00007ff90d960000 - 0x00007ff90d987000 	C:\Users\prana\.gradle\native\1def1411415f61bf3af743bc5b6707747c0891f09f0c88961ee8f79bc544acac\windows-amd64\native-platform.dll
0x00007ff8e6f30000 - 0x00007ff8e6fa8000 	C:\Users\prana\.gradle\native\0.2.7\x86_64-windows-gnu\gradle-fileevents.dll
0x00007ff900e90000 - 0x00007ff900e9a000 	C:\Program Files\Eclipse Adoptium\jdk-21.0.11.10-hotspot\bin\management.dll
0x00007ff900b60000 - 0x00007ff900b6c000 	C:\Program Files\Eclipse Adoptium\jdk-21.0.11.10-hotspot\bin\management_ext.dll
0x00007ff92c0a0000 - 0x00007ff92c0a8000 	C:\WINDOWS\System32\PSAPI.DLL
0x00007ff928fc0000 - 0x00007ff928ff3000 	C:\WINDOWS\SYSTEM32\IPHLPAPI.DLL
0x00007ff92c0b0000 - 0x00007ff92c0ba000 	C:\WINDOWS\System32\NSI.dll
0x00007ff900940000 - 0x00007ff900949000 	C:\Program Files\Eclipse Adoptium\jdk-21.0.11.10-hotspot\bin\extnet.dll
0x00007ff929f30000 - 0x00007ff929f4b000 	C:\WINDOWS\SYSTEM32\CRYPTSP.dll
0x00007ff929540000 - 0x00007ff929579000 	C:\WINDOWS\system32\rsaenh.dll
0x00007ff929be0000 - 0x00007ff929c13000 	C:\WINDOWS\SYSTEM32\USERENV.dll
0x00007ff92a780000 - 0x00007ff92a7aa000 	C:\WINDOWS\SYSTEM32\bcrypt.dll
0x00007ff929d90000 - 0x00007ff929d9c000 	C:\WINDOWS\SYSTEM32\CRYPTBASE.dll
0x00007ff8fec30000 - 0x00007ff8fec3e000 	C:\Program Files\Eclipse Adoptium\jdk-21.0.11.10-hotspot\bin\sunmscapi.dll
0x00007ff92ad10000 - 0x00007ff92ae88000 	C:\WINDOWS\System32\CRYPT32.dll
0x00007ff92a090000 - 0x00007ff92a0c0000 	C:\WINDOWS\SYSTEM32\ncrypt.dll
0x00007ff92a040000 - 0x00007ff92a07f000 	C:\WINDOWS\SYSTEM32\NTASN1.dll
0x00007ff9271e0000 - 0x00007ff9271e8000 	C:\WINDOWS\system32\wshunix.dll
0x00007ff8fcf10000 - 0x00007ff8fcf28000 	C:\WINDOWS\system32\napinsp.dll
0x00007ff9161e0000 - 0x00007ff9161f6000 	C:\WINDOWS\system32\wshbth.dll
0x00007ff8fce80000 - 0x00007ff8fcea2000 	C:\WINDOWS\system32\nlansp_c.dll
0x00007ff929050000 - 0x00007ff92919a000 	C:\WINDOWS\SYSTEM32\DNSAPI.dll
0x00007ff929950000 - 0x00007ff92995d000 	C:\WINDOWS\SYSTEM32\DSPARSE.dll
0x00007ff8fc9e0000 - 0x00007ff8fc9f3000 	C:\WINDOWS\System32\winrnr.dll
0x00007ff919680000 - 0x00007ff91968b000 	C:\Windows\System32\rasadhlp.dll
0x00007ff919e30000 - 0x00007ff919eb6000 	C:\WINDOWS\System32\fwpuclnt.dll

JVMTI agents:
C:\Users\prana\.gradle\wrapper\dists\gradle-8.14-all\c2qonpi39x1mddn7hk5gh9iqj\gradle-8.14\lib\agents\gradle-instrumentation-agent-8.14.jar path:C:\Program Files\Eclipse Adoptium\jdk-21.0.11.10-hotspot\bin\instrument.dll, loaded, initialized, instrumentlib options:none

dbghelp: loaded successfully - version: 4.0.5 - missing functions: none
symbol engine: initialized successfully - sym options: 0x614 - pdb path: .;C:\Program Files\Eclipse Adoptium\jdk-21.0.11.10-hotspot\bin;C:\WINDOWS\SYSTEM32;C:\WINDOWS\WinSxS\amd64_microsoft.windows.common-controls_6595b64144ccf1df_6.0.26100.8521_none_3e08b75ce33403b3;C:\Program Files\Eclipse Adoptium\jdk-21.0.11.10-hotspot\bin\server;C:\Users\prana\.gradle\native\1def1411415f61bf3af743bc5b6707747c0891f09f0c88961ee8f79bc544acac\windows-amd64;C:\Users\prana\.gradle\native\0.2.7\x86_64-windows-gnu

VM Arguments:
jvm_args: --add-opens=java.base/java.lang=ALL-UNNAMED --add-opens=java.base/java.lang.invoke=ALL-UNNAMED --add-opens=java.base/java.util=ALL-UNNAMED --add-opens=java.prefs/java.util.prefs=ALL-UNNAMED --add-exports=jdk.compiler/com.sun.tools.javac.api=ALL-UNNAMED --add-exports=jdk.compiler/com.sun.tools.javac.util=ALL-UNNAMED --add-opens=java.base/java.util=ALL-UNNAMED --add-opens=java.prefs/java.util.prefs=ALL-UNNAMED --add-opens=java.base/java.nio.charset=ALL-UNNAMED --add-opens=java.base/java.net=ALL-UNNAMED --add-opens=java.base/java.util.concurrent.atomic=ALL-UNNAMED --add-opens=java.xml/javax.xml.namespace=ALL-UNNAMED -XX:MaxMetaspaceSize=512m -XX:ReservedCodeCacheSize=256m -XX:+HeapDumpOnOutOfMemoryError -Xmx2G -Dfile.encoding=UTF-8 -Duser.country=IN -Duser.language=en -Duser.variant -javaagent:C:\Users\prana\.gradle\wrapper\dists\gradle-8.14-all\c2qonpi39x1mddn7hk5gh9iqj\gradle-8.14\lib\agents\gradle-instrumentation-agent-8.14.jar 
java_command: org.gradle.launcher.daemon.bootstrap.GradleDaemon 8.14
java_class_path (initial): C:\Users\prana\.gradle\wrapper\dists\gradle-8.14-all\c2qonpi39x1mddn7hk5gh9iqj\gradle-8.14\lib\gradle-daemon-main-8.14.jar
Launcher Type: SUN_STANDARD

[Global flags]
     intx CICompilerCount                          = 3                                         {product} {ergonomic}
   size_t CompressedClassSpaceSize                 = 436207616                                 {product} {ergonomic}
     uint ConcGCThreads                            = 1                                         {product} {ergonomic}
     uint G1ConcRefinementThreads                  = 4                                         {product} {ergonomic}
   size_t G1HeapRegionSize                         = 1048576                                   {product} {ergonomic}
    uintx GCDrainStackTargetSize                   = 64                                        {product} {ergonomic}
     bool HeapDumpOnOutOfMemoryError               = true                                   {manageable} {command line}
   size_t InitialHeapSize                          = 130023424                                 {product} {ergonomic}
   size_t MarkStackSize                            = 4194304                                   {product} {ergonomic}
   size_t MaxHeapSize                              = 2147483648                                {product} {command line}
   size_t MaxMetaspaceSize                         = 536870912                                 {product} {command line}
   size_t MaxNewSize                               = 1287651328                                {product} {ergonomic}
   size_t MinHeapDeltaBytes                        = 1048576                                   {product} {ergonomic}
   size_t MinHeapSize                              = 8388608                                   {product} {ergonomic}
    uintx NonNMethodCodeHeapSize                   = 5832780                                {pd product} {ergonomic}
    uintx NonProfiledCodeHeapSize                  = 131301338                              {pd product} {ergonomic}
    uintx ProfiledCodeHeapSize                     = 131301338                              {pd product} {ergonomic}
    uintx ReservedCodeCacheSize                    = 268435456                              {pd product} {command line}
     bool SegmentedCodeCache                       = true                                      {product} {ergonomic}
   size_t SoftMaxHeapSize                          = 2147483648                             {manageable} {ergonomic}
     bool UseCompressedOops                        = true                           {product lp64_product} {ergonomic}
     bool UseG1GC                                  = true                                      {product} {ergonomic}
     bool UseLargePagesIndividualAllocation        = false                                  {pd product} {ergonomic}

Logging:
Log output configuration:
 #0: stdout all=warning uptime,level,tags foldmultilines=false
 #1: stderr all=off uptime,level,tags foldmultilines=false

Release file:
IMPLEMENTOR="Eclipse Adoptium" 
IMPLEMENTOR_VERSION="Temurin-21.0.11+10" 
JAVA_RUNTIME_VERSION="21.0.11+10-LTS" 
JAVA_VERSION="21.0.11" 
JAVA_VERSION_DATE="2026-04-21" 
LIBC="default" 
MODULES="java.base java.compiler java.datatransfer java.xml java.prefs java.desktop java.instrument java.logging java.management java.security.sasl java.naming java.rmi java.management.rmi java.net.http java.scripting java.security.jgss java.transaction.xa java.sql java.sql.rowset java.xml.crypto java.se java.smartcardio jdk.accessibility jdk.internal.jvmstat jdk.attach jdk.charsets jdk.internal.opt jdk.zipfs jdk.compiler jdk.crypto.ec jdk.crypto.cryptoki jdk.crypto.mscapi jdk.dynalink jdk.internal.ed jdk.editpad jdk.hotspot.agent jdk.httpserver jdk.incubator.vector jdk.internal.le jdk.internal.vm.ci jdk.internal.vm.compiler jdk.internal.vm.compiler.management jdk.jartool jdk.javadoc jdk.jcmd jdk.management jdk.management.agent jdk.jconsole jdk.jdeps jdk.jdwp.agent jdk.jdi jdk.jfr jdk.jlink jdk.jpackage jdk.jshell jdk.jsobject jdk.jstatd jdk.localedata jdk.management.jfr jdk.naming.dns jdk.naming.rmi jdk.net jdk.nio.mapmode jdk.random jdk.sctp jdk.security.auth jdk.security.jgss jdk.unsupported jdk.unsupported.desktop jdk.xml.dom" 
OS_ARCH="x86_64" 
OS_NAME="Windows" 
SOURCE=".:git:254494ad7d75" 
BUILD_SOURCE="git:a612825ee82a20ac872d60958c349854c1f29a8e"
BUILD_SOURCE_REPO="https://github.com/adoptium/temurin-build.git"
SOURCE_REPO="https://github.com/adoptium/jdk21u.git"
FULL_VERSION="21.0.11+10-LTS"
SEMANTIC_VERSION="21.0.11+10"
BUILD_INFO="OS: Windows Server 2022 Version: 10.0"
JVM_VARIANT="Hotspot"
JVM_VERSION="21.0.11+10-LTS"
IMAGE_TYPE="JDK"

Environment Variables:
CLASSPATH=C:\Users\prana\projects\Major project\MobileApp\android\\gradle\wrapper\gradle-wrapper.jar
PATH=C:\Program Files\Eclipse Adoptium\jdk-21.0.11.10-hotspot\bin;C:\Program Files\Eclipse Adoptium\jdk-21.0.11.10-hotspot\bin;C:\Program Files\Common Files\Oracle\Java\javapath;C:\Program Files (x86)\Common Files\Oracle\Java\java8path;C:\Program Files (x86)\Common Files\Oracle\Java\javapath;C:\WINDOWS\system32;C:\WINDOWS;C:\WINDOWS\System32\Wbem;C:\WINDOWS\System32\WindowsPowerShell\v1.0\;C:\WINDOWS\System32\OpenSSH\;C:\Program Files\dotnet\;C:\Program Files\Git\cmd;C:\Program Files\nodejs\;C:\AndroidSDK\cmdline-tools\latest\bin;C:\Program Files\nodejs\node_modules\npm\bin;;C:\Program Files\Docker\Docker\resources\bin;C:\Users\prana\AppData\Local\Programs\Python\Python311\Scripts\;C:\Users\prana\AppData\Local\Programs\Python\Python311\;C:\Users\prana\AppData\Local\Programs\Python\Python314\Scripts\;C:\Users\prana\AppData\Local\Programs\Python\Python314\;C:\Users\prana\AppData\Local\Microsoft\WindowsApps;C:\Users\prana\AppData\Local\Programs\Microsoft VS Code\bin;C:\Users\prana\AppData\Local\Python\bin;C:\Users\prana\AppData\Roaming\npm;C:\Users\prana\go\bin;C:\src\flutter\bin;C:\Users\prana\AppData\Local\Prog;C:\Program Files\Go\bin;C:\Users\prana\AppData\Local\Programs\Python\Python311\Scripts\;C:\Users\prana\AppData\Local\Programs\Python\Python311\;C:\Users\prana\AppData\Local\Programs\Python\Python314\Scripts\;C:\Users\prana\AppData\Local\Programs\Python\Python314\;C:\Users\prana\AppData\Local\Microsoft\WindowsApps;C:\Users\prana\AppData\Local\Programs\Microsoft VS Code\bin;C:\Users\prana\AppData\Local\Python\bin;C:\Users\prana\AppData\Roaming\npm;C:\src\flutter\bin;C:\Program Files\nodejs;C:\Users\prana\AppData\Local\Programs\mongosh\;C:\Users\prana\AppData\Local\Pub\Cache\bin;C:\Users\prana\.dotnet\tools;C:\Program Files\dotnet;C:\Users\prana\go\bin;C:\Program Files\Go\bin;C:\Users\prana\AppData\Local\Programs\Antigravity IDE\bin;c:\Users\prana\.antigravity-ide\extensions\vscjava.vscode-java-debug-0.59.0-universal\bundled\scripts\noConfigScripts;C:\src\flutter\bin\mingit\cmd
USERNAME=prana
LANG=en_US.UTF-8
OS=Windows_NT
PROCESSOR_IDENTIFIER=Intel64 Family 6 Model 140 Stepping 1, GenuineIntel
TMP=C:\Users\prana\AppData\Local\Temp
TEMP=C:\Users\prana\AppData\Local\Temp




Periodic native trim disabled

---------------  S Y S T E M  ---------------

OS:
 Windows 11 , 64 bit Build 26100 (10.0.26100.8521)
OS uptime: 0 days 18:41 hours
Hyper-V role detected

CPU: total 4 (initial active 4) (2 cores per cpu, 2 threads per core) family 6 model 140 stepping 1 microcode 0xbe, cx8, cmov, fxsr, ht, mmx, 3dnowpref, sse, sse2, sse3, ssse3, sse4.1, sse4.2, popcnt, lzcnt, tsc, tscinvbit, avx, avx2, aes, erms, clmul, bmi1, bmi2, adx, avx512f, avx512dq, avx512cd, avx512bw, avx512vl, sha, fma, vzeroupper, avx512_vpopcntdq, avx512_vpclmulqdq, avx512_vaes, avx512_vnni, clflush, clflushopt, clwb, avx512_vbmi2, avx512_vbmi, hv, rdtscp, rdpid, fsrm, gfni, avx512_bitalg, f16c, cet_ibt, cet_ss, avx512_ifma
Processor Information for the first 4 processors :
  Max Mhz: 2189, Current Mhz: 2189, Mhz Limit: 2189

Memory: 4k page, system-wide physical 7930M (463M free)
TotalPageFile size 23416M (AvailPageFile size 8M)
current process WorkingSet (physical memory assigned to process): 378M, peak: 378M
current process commit charge ("private bytes"): 504M, peak: 541M

vm_info: OpenJDK 64-Bit Server VM (21.0.11+10-LTS) for windows-amd64 JRE (21.0.11+10-LTS), built on 2026-04-21T00:00:00Z by "admin" with MS VC++ 17.12 (VS2022)

END.
